Archive member included because of file (symbol)

C:/NXP/S32DS_ARM_v2.0/S32DS/arm_ewl2/lib/armv7e-m\libc99.a(exit.o)
                              C:/NXP/S32DS_ARM_v2.0/S32DS/arm_ewl2/lib/armv7e-m/__arm_start.o (exit)
C:/NXP/S32DS_ARM_v2.0/S32DS/arm_ewl2/lib/armv7e-m\libc99.a(memset.o)
                              C:/NXP/S32DS_ARM_v2.0/S32DS/arm_ewl2/lib/armv7e-m/__arm_start.o (memset)
C:/NXP/S32DS_ARM_v2.0/S32DS/arm_ewl2/lib/armv7e-m\libc99.a(__filll_mem.o)
                              C:/NXP/S32DS_ARM_v2.0/S32DS/arm_ewl2/lib/armv7e-m\libc99.a(memset.o) (__fill_mem)
C:/NXP/S32DS_ARM_v2.0/S32DS/arm_ewl2/lib/armv7e-m\librt.a(gcc_ctor_dtor.o)
                              C:/NXP/S32DS_ARM_v2.0/S32DS/arm_ewl2/lib/armv7e-m/__arm_start.o (__init_cpp)
C:/NXP/S32DS_ARM_v2.0/S32DS/arm_ewl2/lib/armv7e-m\librt.a(__arm_eabi_init.o)
                              C:/NXP/S32DS_ARM_v2.0/S32DS/arm_ewl2/lib/armv7e-m\libc99.a(exit.o) (__destroy_global_chain)
C:/NXP/S32DS_ARM_v2.0/S32DS/arm_ewl2/lib/armv7e-m\librt.a(ROMCopy.o)
                              C:/NXP/S32DS_ARM_v2.0/S32DS/arm_ewl2/lib/armv7e-m/__arm_start.o (__copy_rom_sections_to_ram)

Allocating common symbols
Common symbol       size              file

GlbPit0Callback     0x4               ./src/Layers/Mcal/Lpit/Lpit.o
GlbSchMConfig       0x4               ./src/Layers/Services/SchM/SchM.o
SchM_TaskControlBlock
                    0x6               ./src/Layers/Services/SchM/SchM.o
SchM_SchedulerStatus
                    0x4               ./src/Layers/Services/SchM/SchM.o

Discarded input sections

 .text          0x00000000        0x0 C:/NXP/S32DS_ARM_v2.0/S32DS/arm_ewl2/lib/armv7e-m/__arm_start.o
 .data          0x00000000        0x0 C:/NXP/S32DS_ARM_v2.0/S32DS/arm_ewl2/lib/armv7e-m/__arm_start.o
 .bss           0x00000000        0x0 C:/NXP/S32DS_ARM_v2.0/S32DS/arm_ewl2/lib/armv7e-m/__arm_start.o
 .text.__thumb_startup
                0x00000000       0x3c C:/NXP/S32DS_ARM_v2.0/S32DS/arm_ewl2/lib/armv7e-m/__arm_start.o
 .text.__iar_program_start
                0x00000000        0x4 C:/NXP/S32DS_ARM_v2.0/S32DS/arm_ewl2/lib/armv7e-m/__arm_start.o
 .bss.argv      0x00000000        0x4 C:/NXP/S32DS_ARM_v2.0/S32DS/arm_ewl2/lib/armv7e-m/__arm_start.o
 .debug_info    0x00000000      0x144 C:/NXP/S32DS_ARM_v2.0/S32DS/arm_ewl2/lib/armv7e-m/__arm_start.o
 .debug_abbrev  0x00000000       0xc0 C:/NXP/S32DS_ARM_v2.0/S32DS/arm_ewl2/lib/armv7e-m/__arm_start.o
 .debug_aranges
                0x00000000       0x28 C:/NXP/S32DS_ARM_v2.0/S32DS/arm_ewl2/lib/armv7e-m/__arm_start.o
 .debug_line    0x00000000       0x68 C:/NXP/S32DS_ARM_v2.0/S32DS/arm_ewl2/lib/armv7e-m/__arm_start.o
 .debug_str     0x00000000      0x270 C:/NXP/S32DS_ARM_v2.0/S32DS/arm_ewl2/lib/armv7e-m/__arm_start.o
 .comment       0x00000000       0x71 C:/NXP/S32DS_ARM_v2.0/S32DS/arm_ewl2/lib/armv7e-m/__arm_start.o
 .debug_frame   0x00000000       0x30 C:/NXP/S32DS_ARM_v2.0/S32DS/arm_ewl2/lib/armv7e-m/__arm_start.o
 .ARM.attributes
                0x00000000       0x33 C:/NXP/S32DS_ARM_v2.0/S32DS/arm_ewl2/lib/armv7e-m/__arm_start.o
 .group         0x00000000        0x8 ./src/main.o
 .group         0x00000000        0x8 ./src/main.o
 .group         0x00000000        0x8 ./src/main.o
 .group         0x00000000        0x8 ./src/main.o
 .group         0x00000000        0x8 ./src/main.o
 .group         0x00000000        0x8 ./src/main.o
 .group         0x00000000        0x8 ./src/main.o
 .group         0x00000000        0x8 ./src/main.o
 .group         0x00000000        0x8 ./src/main.o
 .group         0x00000000        0x8 ./src/main.o
 .group         0x00000000        0x8 ./src/main.o
 .group         0x00000000        0x8 ./src/main.o
 .text          0x00000000        0x0 ./src/main.o
 .data          0x00000000        0x0 ./src/main.o
 .bss           0x00000000        0x0 ./src/main.o
 .group         0x00000000        0x8 ./src/Layers/Services/SchM/SchM_Tasks.o
 .group         0x00000000        0x8 ./src/Layers/Services/SchM/SchM_Tasks.o
 .group         0x00000000        0x8 ./src/Layers/Services/SchM/SchM_Tasks.o
 .group         0x00000000        0x8 ./src/Layers/Services/SchM/SchM_Tasks.o
 .group         0x00000000        0x8 ./src/Layers/Services/SchM/SchM_Tasks.o
 .group         0x00000000        0x8 ./src/Layers/Services/SchM/SchM_Tasks.o
 .group         0x00000000        0x8 ./src/Layers/Services/SchM/SchM_Tasks.o
 .group         0x00000000        0x8 ./src/Layers/Services/SchM/SchM_Tasks.o
 .group         0x00000000        0x8 ./src/Layers/Services/SchM/SchM_Tasks.o
 .group         0x00000000        0x8 ./src/Layers/Services/SchM/SchM_Tasks.o
 .group         0x00000000        0x8 ./src/Layers/Services/SchM/SchM_Tasks.o
 .group         0x00000000        0x8 ./src/Layers/Services/SchM/SchM_Tasks.o
 .text          0x00000000        0x0 ./src/Layers/Services/SchM/SchM_Tasks.o
 .data          0x00000000        0x0 ./src/Layers/Services/SchM/SchM_Tasks.o
 .bss           0x00000000        0x0 ./src/Layers/Services/SchM/SchM_Tasks.o
 .text.SchM_2ms_Task
                0x00000000        0xc ./src/Layers/Services/SchM/SchM_Tasks.o
 .text.SchM_4ms_Task
                0x00000000        0xc ./src/Layers/Services/SchM/SchM_Tasks.o
 .text.SchM_8ms_Task
                0x00000000        0xc ./src/Layers/Services/SchM/SchM_Tasks.o
 .text.SchM_16ms_Task
                0x00000000        0xc ./src/Layers/Services/SchM/SchM_Tasks.o
 .text.SchM_32ms_Task
                0x00000000        0xc ./src/Layers/Services/SchM/SchM_Tasks.o
 .text.SchM_64ms_Task
                0x00000000        0xc ./src/Layers/Services/SchM/SchM_Tasks.o
 .debug_info    0x00000000       0xd6 ./src/Layers/Services/SchM/SchM_Tasks.o
 .debug_abbrev  0x00000000       0x45 ./src/Layers/Services/SchM/SchM_Tasks.o
 .debug_aranges
                0x00000000       0x48 ./src/Layers/Services/SchM/SchM_Tasks.o
 .debug_ranges  0x00000000       0x38 ./src/Layers/Services/SchM/SchM_Tasks.o
 .debug_macro   0x00000000       0xb7 ./src/Layers/Services/SchM/SchM_Tasks.o
 .debug_macro   0x00000000      0x868 ./src/Layers/Services/SchM/SchM_Tasks.o
 .debug_macro   0x00000000       0x52 ./src/Layers/Services/SchM/SchM_Tasks.o
 .debug_macro   0x00000000       0xa0 ./src/Layers/Services/SchM/SchM_Tasks.o
 .debug_macro   0x00000000       0x16 ./src/Layers/Services/SchM/SchM_Tasks.o
 .debug_macro   0x00000000       0x64 ./src/Layers/Services/SchM/SchM_Tasks.o
 .debug_macro   0x00000000      0x185 ./src/Layers/Services/SchM/SchM_Tasks.o
 .debug_macro   0x00000000      0x140 ./src/Layers/Services/SchM/SchM_Tasks.o
 .debug_macro   0x00000000       0x9d ./src/Layers/Services/SchM/SchM_Tasks.o
 .debug_macro   0x00000000       0x10 ./src/Layers/Services/SchM/SchM_Tasks.o
 .debug_macro   0x00000000      0x15b ./src/Layers/Services/SchM/SchM_Tasks.o
 .debug_macro   0x00000000       0x28 ./src/Layers/Services/SchM/SchM_Tasks.o
 .debug_macro   0x00000000       0x58 ./src/Layers/Services/SchM/SchM_Tasks.o
 .debug_line    0x00000000      0x25c ./src/Layers/Services/SchM/SchM_Tasks.o
 .debug_str     0x00000000     0x40a3 ./src/Layers/Services/SchM/SchM_Tasks.o
 .comment       0x00000000       0x71 ./src/Layers/Services/SchM/SchM_Tasks.o
 .debug_frame   0x00000000       0xd0 ./src/Layers/Services/SchM/SchM_Tasks.o
 .ARM.attributes
                0x00000000       0x33 ./src/Layers/Services/SchM/SchM_Tasks.o
 .group         0x00000000        0x8 ./src/Layers/Services/SchM/SchM_Cfg.o
 .group         0x00000000        0x8 ./src/Layers/Services/SchM/SchM_Cfg.o
 .group         0x00000000        0x8 ./src/Layers/Services/SchM/SchM_Cfg.o
 .group         0x00000000        0x8 ./src/Layers/Services/SchM/SchM_Cfg.o
 .group         0x00000000        0x8 ./src/Layers/Services/SchM/SchM_Cfg.o
 .group         0x00000000        0x8 ./src/Layers/Services/SchM/SchM_Cfg.o
 .group         0x00000000        0x8 ./src/Layers/Services/SchM/SchM_Cfg.o
 .group         0x00000000        0x8 ./src/Layers/Services/SchM/SchM_Cfg.o
 .group         0x00000000        0x8 ./src/Layers/Services/SchM/SchM_Cfg.o
 .group         0x00000000        0x8 ./src/Layers/Services/SchM/SchM_Cfg.o
 .group         0x00000000        0x8 ./src/Layers/Services/SchM/SchM_Cfg.o
 .group         0x00000000        0x8 ./src/Layers/Services/SchM/SchM_Cfg.o
 .group         0x00000000        0x8 ./src/Layers/Services/SchM/SchM_Cfg.o
 .text          0x00000000        0x0 ./src/Layers/Services/SchM/SchM_Cfg.o
 .data          0x00000000        0x0 ./src/Layers/Services/SchM/SchM_Cfg.o
 .bss           0x00000000        0x0 ./src/Layers/Services/SchM/SchM_Cfg.o
 .rodata.SchedulerConfig
                0x00000000        0x8 ./src/Layers/Services/SchM/SchM_Cfg.o
 .rodata.TaskDescriptor
                0x00000000       0x30 ./src/Layers/Services/SchM/SchM_Cfg.o
 .debug_info    0x00000000      0x1f7 ./src/Layers/Services/SchM/SchM_Cfg.o
 .debug_abbrev  0x00000000       0xa9 ./src/Layers/Services/SchM/SchM_Cfg.o
 .debug_aranges
                0x00000000       0x18 ./src/Layers/Services/SchM/SchM_Cfg.o
 .debug_macro   0x00000000       0xce ./src/Layers/Services/SchM/SchM_Cfg.o
 .debug_macro   0x00000000      0x868 ./src/Layers/Services/SchM/SchM_Cfg.o
 .debug_macro   0x00000000       0x52 ./src/Layers/Services/SchM/SchM_Cfg.o
 .debug_macro   0x00000000       0xa0 ./src/Layers/Services/SchM/SchM_Cfg.o
 .debug_macro   0x00000000       0x16 ./src/Layers/Services/SchM/SchM_Cfg.o
 .debug_macro   0x00000000       0x64 ./src/Layers/Services/SchM/SchM_Cfg.o
 .debug_macro   0x00000000      0x185 ./src/Layers/Services/SchM/SchM_Cfg.o
 .debug_macro   0x00000000      0x140 ./src/Layers/Services/SchM/SchM_Cfg.o
 .debug_macro   0x00000000       0x9d ./src/Layers/Services/SchM/SchM_Cfg.o
 .debug_macro   0x00000000       0x10 ./src/Layers/Services/SchM/SchM_Cfg.o
 .debug_macro   0x00000000      0x15b ./src/Layers/Services/SchM/SchM_Cfg.o
 .debug_macro   0x00000000       0x28 ./src/Layers/Services/SchM/SchM_Cfg.o
 .debug_macro   0x00000000       0x58 ./src/Layers/Services/SchM/SchM_Cfg.o
 .debug_macro   0x00000000       0x10 ./src/Layers/Services/SchM/SchM_Cfg.o
 .debug_line    0x00000000      0x21c ./src/Layers/Services/SchM/SchM_Cfg.o
 .debug_str     0x00000000     0x42ab ./src/Layers/Services/SchM/SchM_Cfg.o
 .comment       0x00000000       0x71 ./src/Layers/Services/SchM/SchM_Cfg.o
 .ARM.attributes
                0x00000000       0x33 ./src/Layers/Services/SchM/SchM_Cfg.o
 .group         0x00000000        0x8 ./src/Layers/Services/SchM/SchM.o
 .group         0x00000000        0x8 ./src/Layers/Services/SchM/SchM.o
 .group         0x00000000        0x8 ./src/Layers/Services/SchM/SchM.o
 .group         0x00000000        0x8 ./src/Layers/Services/SchM/SchM.o
 .group         0x00000000        0x8 ./src/Layers/Services/SchM/SchM.o
 .group         0x00000000        0x8 ./src/Layers/Services/SchM/SchM.o
 .group         0x00000000        0x8 ./src/Layers/Services/SchM/SchM.o
 .group         0x00000000        0x8 ./src/Layers/Services/SchM/SchM.o
 .group         0x00000000        0x8 ./src/Layers/Services/SchM/SchM.o
 .group         0x00000000        0x8 ./src/Layers/Services/SchM/SchM.o
 .group         0x00000000        0x8 ./src/Layers/Services/SchM/SchM.o
 .group         0x00000000        0x8 ./src/Layers/Services/SchM/SchM.o
 .group         0x00000000        0x8 ./src/Layers/Services/SchM/SchM.o
 .group         0x00000000        0x8 ./src/Layers/Services/SchM/SchM.o
 .group         0x00000000        0x8 ./src/Layers/Services/SchM/SchM.o
 .text          0x00000000        0x0 ./src/Layers/Services/SchM/SchM.o
 .data          0x00000000        0x0 ./src/Layers/Services/SchM/SchM.o
 .bss           0x00000000        0x0 ./src/Layers/Services/SchM/SchM.o
 .bss.FlagsScheduler
                0x00000000        0x1 ./src/Layers/Services/SchM/SchM.o
 .text.SchM_OsTick
                0x00000000       0x98 ./src/Layers/Services/SchM/SchM.o
 .text.SchM_Background
                0x00000000       0x78 ./src/Layers/Services/SchM/SchM.o
 .text.SchM_Init
                0x00000000       0x58 ./src/Layers/Services/SchM/SchM.o
 .text.SchM_Start
                0x00000000       0x10 ./src/Layers/Services/SchM/SchM.o
 .text.SchM_Stop
                0x00000000        0xc ./src/Layers/Services/SchM/SchM.o
 .text.TurnOnOverloadPin
                0x00000000        0xc ./src/Layers/Services/SchM/SchM.o
 .text.TurnOnBackgroundPin
                0x00000000        0xc ./src/Layers/Services/SchM/SchM.o
 .text.TurnOffBackgroundPin
                0x00000000        0xc ./src/Layers/Services/SchM/SchM.o
 .debug_info    0x00000000      0x3de ./src/Layers/Services/SchM/SchM.o
 .debug_abbrev  0x00000000      0x12a ./src/Layers/Services/SchM/SchM.o
 .debug_aranges
                0x00000000       0x58 ./src/Layers/Services/SchM/SchM.o
 .debug_ranges  0x00000000       0x48 ./src/Layers/Services/SchM/SchM.o
 .debug_macro   0x00000000       0xf1 ./src/Layers/Services/SchM/SchM.o
 .debug_macro   0x00000000      0x868 ./src/Layers/Services/SchM/SchM.o
 .debug_macro   0x00000000       0x52 ./src/Layers/Services/SchM/SchM.o
 .debug_macro   0x00000000       0xa0 ./src/Layers/Services/SchM/SchM.o
 .debug_macro   0x00000000       0x16 ./src/Layers/Services/SchM/SchM.o
 .debug_macro   0x00000000       0x19 ./src/Layers/Services/SchM/SchM.o
 .debug_macro   0x00000000       0x64 ./src/Layers/Services/SchM/SchM.o
 .debug_macro   0x00000000      0x185 ./src/Layers/Services/SchM/SchM.o
 .debug_macro   0x00000000      0x140 ./src/Layers/Services/SchM/SchM.o
 .debug_macro   0x00000000       0x9d ./src/Layers/Services/SchM/SchM.o
 .debug_macro   0x00000000       0x10 ./src/Layers/Services/SchM/SchM.o
 .debug_macro   0x00000000      0x15b ./src/Layers/Services/SchM/SchM.o
 .debug_macro   0x00000000       0x28 ./src/Layers/Services/SchM/SchM.o
 .debug_macro   0x00000000       0x58 ./src/Layers/Services/SchM/SchM.o
 .debug_macro   0x00000000     0xdf8d ./src/Layers/Services/SchM/SchM.o
 .debug_macro   0x00000000       0x10 ./src/Layers/Services/SchM/SchM.o
 .debug_line    0x00000000      0x424 ./src/Layers/Services/SchM/SchM.o
 .debug_str     0x00000000    0x5e13f ./src/Layers/Services/SchM/SchM.o
 .comment       0x00000000       0x71 ./src/Layers/Services/SchM/SchM.o
 .debug_frame   0x00000000      0x110 ./src/Layers/Services/SchM/SchM.o
 .ARM.attributes
                0x00000000       0x33 ./src/Layers/Services/SchM/SchM.o
 COMMON         0x00000000       0x10 ./src/Layers/Services/SchM/SchM.o
 .group         0x00000000        0x8 ./src/Layers/Mcal/Wdog/Wdog.o
 .group         0x00000000        0x8 ./src/Layers/Mcal/Wdog/Wdog.o
 .group         0x00000000        0x8 ./src/Layers/Mcal/Wdog/Wdog.o
 .group         0x00000000        0x8 ./src/Layers/Mcal/Wdog/Wdog.o
 .group         0x00000000        0x8 ./src/Layers/Mcal/Wdog/Wdog.o
 .group         0x00000000        0x8 ./src/Layers/Mcal/Wdog/Wdog.o
 .group         0x00000000        0x8 ./src/Layers/Mcal/Wdog/Wdog.o
 .group         0x00000000        0x8 ./src/Layers/Mcal/Wdog/Wdog.o
 .group         0x00000000        0x8 ./src/Layers/Mcal/Wdog/Wdog.o
 .group         0x00000000        0x8 ./src/Layers/Mcal/Wdog/Wdog.o
 .group         0x00000000        0x8 ./src/Layers/Mcal/Wdog/Wdog.o
 .group         0x00000000        0x8 ./src/Layers/Mcal/Wdog/Wdog.o
 .group         0x00000000        0x8 ./src/Layers/Mcal/Wdog/Wdog.o
 .group         0x00000000        0x8 ./src/Layers/Mcal/Wdog/Wdog.o
 .group         0x00000000        0x8 ./src/Layers/Mcal/Wdog/Wdog.o
 .text          0x00000000        0x0 ./src/Layers/Mcal/Wdog/Wdog.o
 .data          0x00000000        0x0 ./src/Layers/Mcal/Wdog/Wdog.o
 .bss           0x00000000        0x0 ./src/Layers/Mcal/Wdog/Wdog.o
 .text.WDOG_disable
                0x00000000       0x2c ./src/Layers/Mcal/Wdog/Wdog.o
 .debug_info    0x00000000       0xe1 ./src/Layers/Mcal/Wdog/Wdog.o
 .debug_abbrev  0x00000000       0x91 ./src/Layers/Mcal/Wdog/Wdog.o
 .debug_aranges
                0x00000000       0x20 ./src/Layers/Mcal/Wdog/Wdog.o
 .debug_ranges  0x00000000       0x10 ./src/Layers/Mcal/Wdog/Wdog.o
 .debug_macro   0x00000000       0xc3 ./src/Layers/Mcal/Wdog/Wdog.o
 .debug_macro   0x00000000      0x868 ./src/Layers/Mcal/Wdog/Wdog.o
 .debug_macro   0x00000000       0x52 ./src/Layers/Mcal/Wdog/Wdog.o
 .debug_macro   0x00000000       0xa0 ./src/Layers/Mcal/Wdog/Wdog.o
 .debug_macro   0x00000000       0x16 ./src/Layers/Mcal/Wdog/Wdog.o
 .debug_macro   0x00000000       0x19 ./src/Layers/Mcal/Wdog/Wdog.o
 .debug_macro   0x00000000       0x64 ./src/Layers/Mcal/Wdog/Wdog.o
 .debug_macro   0x00000000      0x185 ./src/Layers/Mcal/Wdog/Wdog.o
 .debug_macro   0x00000000      0x140 ./src/Layers/Mcal/Wdog/Wdog.o
 .debug_macro   0x00000000       0x9d ./src/Layers/Mcal/Wdog/Wdog.o
 .debug_macro   0x00000000       0x10 ./src/Layers/Mcal/Wdog/Wdog.o
 .debug_macro   0x00000000      0x15b ./src/Layers/Mcal/Wdog/Wdog.o
 .debug_macro   0x00000000       0x28 ./src/Layers/Mcal/Wdog/Wdog.o
 .debug_macro   0x00000000       0x58 ./src/Layers/Mcal/Wdog/Wdog.o
 .debug_macro   0x00000000     0xdf8d ./src/Layers/Mcal/Wdog/Wdog.o
 .debug_macro   0x00000000       0x10 ./src/Layers/Mcal/Wdog/Wdog.o
 .debug_line    0x00000000      0x269 ./src/Layers/Mcal/Wdog/Wdog.o
 .debug_str     0x00000000    0x5dcdd ./src/Layers/Mcal/Wdog/Wdog.o
 .comment       0x00000000       0x71 ./src/Layers/Mcal/Wdog/Wdog.o
 .debug_frame   0x00000000       0x30 ./src/Layers/Mcal/Wdog/Wdog.o
 .ARM.attributes
                0x00000000       0x33 ./src/Layers/Mcal/Wdog/Wdog.o
 .group         0x00000000        0x8 ./src/Layers/Mcal/Port/Port.o
 .group         0x00000000        0x8 ./src/Layers/Mcal/Port/Port.o
 .group         0x00000000        0x8 ./src/Layers/Mcal/Port/Port.o
 .group         0x00000000        0x8 ./src/Layers/Mcal/Port/Port.o
 .group         0x00000000        0x8 ./src/Layers/Mcal/Port/Port.o
 .group         0x00000000        0x8 ./src/Layers/Mcal/Port/Port.o
 .group         0x00000000        0x8 ./src/Layers/Mcal/Port/Port.o
 .group         0x00000000        0x8 ./src/Layers/Mcal/Port/Port.o
 .group         0x00000000        0x8 ./src/Layers/Mcal/Port/Port.o
 .group         0x00000000        0x8 ./src/Layers/Mcal/Port/Port.o
 .group         0x00000000        0x8 ./src/Layers/Mcal/Port/Port.o
 .group         0x00000000        0x8 ./src/Layers/Mcal/Port/Port.o
 .group         0x00000000        0x8 ./src/Layers/Mcal/Port/Port.o
 .group         0x00000000        0x8 ./src/Layers/Mcal/Port/Port.o
 .group         0x00000000        0x8 ./src/Layers/Mcal/Port/Port.o
 .text          0x00000000        0x0 ./src/Layers/Mcal/Port/Port.o
 .data          0x00000000        0x0 ./src/Layers/Mcal/Port/Port.o
 .bss           0x00000000        0x0 ./src/Layers/Mcal/Port/Port.o
 .text.PORT_init
                0x00000000      0x198 ./src/Layers/Mcal/Port/Port.o
 .debug_info    0x00000000      0x212 ./src/Layers/Mcal/Port/Port.o
 .debug_abbrev  0x00000000       0xb7 ./src/Layers/Mcal/Port/Port.o
 .debug_aranges
                0x00000000       0x20 ./src/Layers/Mcal/Port/Port.o
 .debug_ranges  0x00000000       0x10 ./src/Layers/Mcal/Port/Port.o
 .debug_macro   0x00000000       0xc3 ./src/Layers/Mcal/Port/Port.o
 .debug_macro   0x00000000      0x868 ./src/Layers/Mcal/Port/Port.o
 .debug_macro   0x00000000       0x52 ./src/Layers/Mcal/Port/Port.o
 .debug_macro   0x00000000       0xa0 ./src/Layers/Mcal/Port/Port.o
 .debug_macro   0x00000000       0x16 ./src/Layers/Mcal/Port/Port.o
 .debug_macro   0x00000000       0x19 ./src/Layers/Mcal/Port/Port.o
 .debug_macro   0x00000000       0x64 ./src/Layers/Mcal/Port/Port.o
 .debug_macro   0x00000000      0x185 ./src/Layers/Mcal/Port/Port.o
 .debug_macro   0x00000000      0x140 ./src/Layers/Mcal/Port/Port.o
 .debug_macro   0x00000000       0x9d ./src/Layers/Mcal/Port/Port.o
 .debug_macro   0x00000000       0x10 ./src/Layers/Mcal/Port/Port.o
 .debug_macro   0x00000000      0x15b ./src/Layers/Mcal/Port/Port.o
 .debug_macro   0x00000000       0x28 ./src/Layers/Mcal/Port/Port.o
 .debug_macro   0x00000000       0x58 ./src/Layers/Mcal/Port/Port.o
 .debug_macro   0x00000000     0xdf8d ./src/Layers/Mcal/Port/Port.o
 .debug_macro   0x00000000       0x10 ./src/Layers/Mcal/Port/Port.o
 .debug_line    0x00000000      0x28a ./src/Layers/Mcal/Port/Port.o
 .debug_str     0x00000000    0x5dd4d ./src/Layers/Mcal/Port/Port.o
 .comment       0x00000000       0x71 ./src/Layers/Mcal/Port/Port.o
 .debug_frame   0x00000000       0x30 ./src/Layers/Mcal/Port/Port.o
 .ARM.attributes
                0x00000000       0x33 ./src/Layers/Mcal/Port/Port.o
 .group         0x00000000        0x8 ./src/Layers/Mcal/Nvic/Nvic.o
 .group         0x00000000        0x8 ./src/Layers/Mcal/Nvic/Nvic.o
 .group         0x00000000        0x8 ./src/Layers/Mcal/Nvic/Nvic.o
 .group         0x00000000        0x8 ./src/Layers/Mcal/Nvic/Nvic.o
 .group         0x00000000        0x8 ./src/Layers/Mcal/Nvic/Nvic.o
 .group         0x00000000        0x8 ./src/Layers/Mcal/Nvic/Nvic.o
 .group         0x00000000        0x8 ./src/Layers/Mcal/Nvic/Nvic.o
 .group         0x00000000        0x8 ./src/Layers/Mcal/Nvic/Nvic.o
 .group         0x00000000        0x8 ./src/Layers/Mcal/Nvic/Nvic.o
 .group         0x00000000        0x8 ./src/Layers/Mcal/Nvic/Nvic.o
 .group         0x00000000        0x8 ./src/Layers/Mcal/Nvic/Nvic.o
 .group         0x00000000        0x8 ./src/Layers/Mcal/Nvic/Nvic.o
 .group         0x00000000        0x8 ./src/Layers/Mcal/Nvic/Nvic.o
 .group         0x00000000        0x8 ./src/Layers/Mcal/Nvic/Nvic.o
 .group         0x00000000        0x8 ./src/Layers/Mcal/Nvic/Nvic.o
 .text          0x00000000        0x0 ./src/Layers/Mcal/Nvic/Nvic.o
 .data          0x00000000        0x0 ./src/Layers/Mcal/Nvic/Nvic.o
 .bss           0x00000000        0x0 ./src/Layers/Mcal/Nvic/Nvic.o
 .text.NVIC_init_IRQs
                0x00000000       0x2c ./src/Layers/Mcal/Nvic/Nvic.o
 .debug_info    0x00000000      0x1da ./src/Layers/Mcal/Nvic/Nvic.o
 .debug_abbrev  0x00000000       0xbb ./src/Layers/Mcal/Nvic/Nvic.o
 .debug_aranges
                0x00000000       0x20 ./src/Layers/Mcal/Nvic/Nvic.o
 .debug_ranges  0x00000000       0x10 ./src/Layers/Mcal/Nvic/Nvic.o
 .debug_macro   0x00000000       0xc3 ./src/Layers/Mcal/Nvic/Nvic.o
 .debug_macro   0x00000000      0x868 ./src/Layers/Mcal/Nvic/Nvic.o
 .debug_macro   0x00000000       0x52 ./src/Layers/Mcal/Nvic/Nvic.o
 .debug_macro   0x00000000       0xa0 ./src/Layers/Mcal/Nvic/Nvic.o
 .debug_macro   0x00000000       0x16 ./src/Layers/Mcal/Nvic/Nvic.o
 .debug_macro   0x00000000       0x19 ./src/Layers/Mcal/Nvic/Nvic.o
 .debug_macro   0x00000000       0x64 ./src/Layers/Mcal/Nvic/Nvic.o
 .debug_macro   0x00000000      0x185 ./src/Layers/Mcal/Nvic/Nvic.o
 .debug_macro   0x00000000      0x140 ./src/Layers/Mcal/Nvic/Nvic.o
 .debug_macro   0x00000000       0x9d ./src/Layers/Mcal/Nvic/Nvic.o
 .debug_macro   0x00000000       0x10 ./src/Layers/Mcal/Nvic/Nvic.o
 .debug_macro   0x00000000      0x15b ./src/Layers/Mcal/Nvic/Nvic.o
 .debug_macro   0x00000000       0x28 ./src/Layers/Mcal/Nvic/Nvic.o
 .debug_macro   0x00000000       0x58 ./src/Layers/Mcal/Nvic/Nvic.o
 .debug_macro   0x00000000     0xdf8d ./src/Layers/Mcal/Nvic/Nvic.o
 .debug_macro   0x00000000       0x10 ./src/Layers/Mcal/Nvic/Nvic.o
 .debug_line    0x00000000      0x269 ./src/Layers/Mcal/Nvic/Nvic.o
 .debug_str     0x00000000    0x5dd45 ./src/Layers/Mcal/Nvic/Nvic.o
 .comment       0x00000000       0x71 ./src/Layers/Mcal/Nvic/Nvic.o
 .debug_frame   0x00000000       0x30 ./src/Layers/Mcal/Nvic/Nvic.o
 .ARM.attributes
                0x00000000       0x33 ./src/Layers/Mcal/Nvic/Nvic.o
 .group         0x00000000        0x8 ./src/Layers/Mcal/Mcu/Mcu.o
 .group         0x00000000        0x8 ./src/Layers/Mcal/Mcu/Mcu.o
 .group         0x00000000        0x8 ./src/Layers/Mcal/Mcu/Mcu.o
 .group         0x00000000        0x8 ./src/Layers/Mcal/Mcu/Mcu.o
 .group         0x00000000        0x8 ./src/Layers/Mcal/Mcu/Mcu.o
 .group         0x00000000        0x8 ./src/Layers/Mcal/Mcu/Mcu.o
 .group         0x00000000        0x8 ./src/Layers/Mcal/Mcu/Mcu.o
 .group         0x00000000        0x8 ./src/Layers/Mcal/Mcu/Mcu.o
 .group         0x00000000        0x8 ./src/Layers/Mcal/Mcu/Mcu.o
 .group         0x00000000        0x8 ./src/Layers/Mcal/Mcu/Mcu.o
 .group         0x00000000        0x8 ./src/Layers/Mcal/Mcu/Mcu.o
 .group         0x00000000        0x8 ./src/Layers/Mcal/Mcu/Mcu.o
 .group         0x00000000        0x8 ./src/Layers/Mcal/Mcu/Mcu.o
 .group         0x00000000        0x8 ./src/Layers/Mcal/Mcu/Mcu.o
 .group         0x00000000        0x8 ./src/Layers/Mcal/Mcu/Mcu.o
 .text          0x00000000        0x0 ./src/Layers/Mcal/Mcu/Mcu.o
 .data          0x00000000        0x0 ./src/Layers/Mcal/Mcu/Mcu.o
 .bss           0x00000000        0x0 ./src/Layers/Mcal/Mcu/Mcu.o
 .text.SOSC_init_8MHz
                0x00000000       0x4c ./src/Layers/Mcal/Mcu/Mcu.o
 .text.SPLL_init_160MHz
                0x00000000       0x64 ./src/Layers/Mcal/Mcu/Mcu.o
 .text.NormalRUNmode_80MHz
                0x00000000       0x2c ./src/Layers/Mcal/Mcu/Mcu.o
 .debug_info    0x00000000      0x269 ./src/Layers/Mcal/Mcu/Mcu.o
 .debug_abbrev  0x00000000       0xc2 ./src/Layers/Mcal/Mcu/Mcu.o
 .debug_aranges
                0x00000000       0x30 ./src/Layers/Mcal/Mcu/Mcu.o
 .debug_ranges  0x00000000       0x20 ./src/Layers/Mcal/Mcu/Mcu.o
 .debug_macro   0x00000000       0xc3 ./src/Layers/Mcal/Mcu/Mcu.o
 .debug_macro   0x00000000      0x868 ./src/Layers/Mcal/Mcu/Mcu.o
 .debug_macro   0x00000000       0x52 ./src/Layers/Mcal/Mcu/Mcu.o
 .debug_macro   0x00000000       0xa0 ./src/Layers/Mcal/Mcu/Mcu.o
 .debug_macro   0x00000000       0x16 ./src/Layers/Mcal/Mcu/Mcu.o
 .debug_macro   0x00000000       0x19 ./src/Layers/Mcal/Mcu/Mcu.o
 .debug_macro   0x00000000       0x64 ./src/Layers/Mcal/Mcu/Mcu.o
 .debug_macro   0x00000000      0x185 ./src/Layers/Mcal/Mcu/Mcu.o
 .debug_macro   0x00000000      0x140 ./src/Layers/Mcal/Mcu/Mcu.o
 .debug_macro   0x00000000       0x9d ./src/Layers/Mcal/Mcu/Mcu.o
 .debug_macro   0x00000000       0x10 ./src/Layers/Mcal/Mcu/Mcu.o
 .debug_macro   0x00000000      0x15b ./src/Layers/Mcal/Mcu/Mcu.o
 .debug_macro   0x00000000       0x28 ./src/Layers/Mcal/Mcu/Mcu.o
 .debug_macro   0x00000000       0x58 ./src/Layers/Mcal/Mcu/Mcu.o
 .debug_macro   0x00000000     0xdf8d ./src/Layers/Mcal/Mcu/Mcu.o
 .debug_macro   0x00000000       0x10 ./src/Layers/Mcal/Mcu/Mcu.o
 .debug_line    0x00000000      0x2bb ./src/Layers/Mcal/Mcu/Mcu.o
 .debug_str     0x00000000    0x5ddbe ./src/Layers/Mcal/Mcu/Mcu.o
 .comment       0x00000000       0x71 ./src/Layers/Mcal/Mcu/Mcu.o
 .debug_frame   0x00000000       0x70 ./src/Layers/Mcal/Mcu/Mcu.o
 .ARM.attributes
                0x00000000       0x33 ./src/Layers/Mcal/Mcu/Mcu.o
 .group         0x00000000        0x8 ./src/Layers/Mcal/Lpit/Lpit.o
 .group         0x00000000        0x8 ./src/Layers/Mcal/Lpit/Lpit.o
 .group         0x00000000        0x8 ./src/Layers/Mcal/Lpit/Lpit.o
 .group         0x00000000        0x8 ./src/Layers/Mcal/Lpit/Lpit.o
 .group         0x00000000        0x8 ./src/Layers/Mcal/Lpit/Lpit.o
 .group         0x00000000        0x8 ./src/Layers/Mcal/Lpit/Lpit.o
 .group         0x00000000        0x8 ./src/Layers/Mcal/Lpit/Lpit.o
 .group         0x00000000        0x8 ./src/Layers/Mcal/Lpit/Lpit.o
 .group         0x00000000        0x8 ./src/Layers/Mcal/Lpit/Lpit.o
 .group         0x00000000        0x8 ./src/Layers/Mcal/Lpit/Lpit.o
 .group         0x00000000        0x8 ./src/Layers/Mcal/Lpit/Lpit.o
 .group         0x00000000        0x8 ./src/Layers/Mcal/Lpit/Lpit.o
 .group         0x00000000        0x8 ./src/Layers/Mcal/Lpit/Lpit.o
 .group         0x00000000        0x8 ./src/Layers/Mcal/Lpit/Lpit.o
 .group         0x00000000        0x8 ./src/Layers/Mcal/Lpit/Lpit.o
 .text          0x00000000        0x0 ./src/Layers/Mcal/Lpit/Lpit.o
 .data          0x00000000        0x0 ./src/Layers/Mcal/Lpit/Lpit.o
 .bss           0x00000000        0x0 ./src/Layers/Mcal/Lpit/Lpit.o
 .text.LPIT0_init
                0x00000000       0x54 ./src/Layers/Mcal/Lpit/Lpit.o
 .text.LPIT0_Start
                0x00000000       0x1c ./src/Layers/Mcal/Lpit/Lpit.o
 .text.LPIT0_Stop
                0x00000000       0x1c ./src/Layers/Mcal/Lpit/Lpit.o
 .debug_macro   0x00000000      0x868 ./src/Layers/Mcal/Lpit/Lpit.o
 .debug_macro   0x00000000       0x52 ./src/Layers/Mcal/Lpit/Lpit.o
 .debug_macro   0x00000000       0xa0 ./src/Layers/Mcal/Lpit/Lpit.o
 .debug_macro   0x00000000       0x16 ./src/Layers/Mcal/Lpit/Lpit.o
 .debug_macro   0x00000000       0x19 ./src/Layers/Mcal/Lpit/Lpit.o
 .debug_macro   0x00000000       0x64 ./src/Layers/Mcal/Lpit/Lpit.o
 .debug_macro   0x00000000      0x185 ./src/Layers/Mcal/Lpit/Lpit.o
 .debug_macro   0x00000000      0x140 ./src/Layers/Mcal/Lpit/Lpit.o
 .debug_macro   0x00000000       0x9d ./src/Layers/Mcal/Lpit/Lpit.o
 .debug_macro   0x00000000       0x10 ./src/Layers/Mcal/Lpit/Lpit.o
 .debug_macro   0x00000000      0x15b ./src/Layers/Mcal/Lpit/Lpit.o
 .debug_macro   0x00000000       0x28 ./src/Layers/Mcal/Lpit/Lpit.o
 .debug_macro   0x00000000       0x58 ./src/Layers/Mcal/Lpit/Lpit.o
 .debug_macro   0x00000000     0xdf8d ./src/Layers/Mcal/Lpit/Lpit.o
 .debug_macro   0x00000000       0x10 ./src/Layers/Mcal/Lpit/Lpit.o
 .group         0x00000000        0x8 ./src/Layers/Mcal/Dio/Dio.o
 .group         0x00000000        0x8 ./src/Layers/Mcal/Dio/Dio.o
 .group         0x00000000        0x8 ./src/Layers/Mcal/Dio/Dio.o
 .group         0x00000000        0x8 ./src/Layers/Mcal/Dio/Dio.o
 .group         0x00000000        0x8 ./src/Layers/Mcal/Dio/Dio.o
 .group         0x00000000        0x8 ./src/Layers/Mcal/Dio/Dio.o
 .group         0x00000000        0x8 ./src/Layers/Mcal/Dio/Dio.o
 .group         0x00000000        0x8 ./src/Layers/Mcal/Dio/Dio.o
 .group         0x00000000        0x8 ./src/Layers/Mcal/Dio/Dio.o
 .group         0x00000000        0x8 ./src/Layers/Mcal/Dio/Dio.o
 .group         0x00000000        0x8 ./src/Layers/Mcal/Dio/Dio.o
 .group         0x00000000        0x8 ./src/Layers/Mcal/Dio/Dio.o
 .group         0x00000000        0x8 ./src/Layers/Mcal/Dio/Dio.o
 .group         0x00000000        0x8 ./src/Layers/Mcal/Dio/Dio.o
 .group         0x00000000        0x8 ./src/Layers/Mcal/Dio/Dio.o
 .text          0x00000000        0x0 ./src/Layers/Mcal/Dio/Dio.o
 .data          0x00000000        0x0 ./src/Layers/Mcal/Dio/Dio.o
 .bss           0x00000000        0x0 ./src/Layers/Mcal/Dio/Dio.o
 .data.Port     0x00000000       0x14 ./src/Layers/Mcal/Dio/Dio.o
 .text.Dio_PortSetPin
                0x00000000       0x38 ./src/Layers/Mcal/Dio/Dio.o
 .text.Dio_PortClearPin
                0x00000000       0x38 ./src/Layers/Mcal/Dio/Dio.o
 .text.Dio_PortTooglePin
                0x00000000       0x38 ./src/Layers/Mcal/Dio/Dio.o
 .text.Dio_PortGetPin
                0x00000000       0x3c ./src/Layers/Mcal/Dio/Dio.o
 .debug_info    0x00000000      0x222 ./src/Layers/Mcal/Dio/Dio.o
 .debug_abbrev  0x00000000       0xf8 ./src/Layers/Mcal/Dio/Dio.o
 .debug_aranges
                0x00000000       0x38 ./src/Layers/Mcal/Dio/Dio.o
 .debug_ranges  0x00000000       0x28 ./src/Layers/Mcal/Dio/Dio.o
 .debug_macro   0x00000000       0xc3 ./src/Layers/Mcal/Dio/Dio.o
 .debug_macro   0x00000000      0x868 ./src/Layers/Mcal/Dio/Dio.o
 .debug_macro   0x00000000       0x52 ./src/Layers/Mcal/Dio/Dio.o
 .debug_macro   0x00000000       0xa0 ./src/Layers/Mcal/Dio/Dio.o
 .debug_macro   0x00000000       0x16 ./src/Layers/Mcal/Dio/Dio.o
 .debug_macro   0x00000000       0x19 ./src/Layers/Mcal/Dio/Dio.o
 .debug_macro   0x00000000       0x64 ./src/Layers/Mcal/Dio/Dio.o
 .debug_macro   0x00000000      0x185 ./src/Layers/Mcal/Dio/Dio.o
 .debug_macro   0x00000000      0x140 ./src/Layers/Mcal/Dio/Dio.o
 .debug_macro   0x00000000       0x9d ./src/Layers/Mcal/Dio/Dio.o
 .debug_macro   0x00000000       0x10 ./src/Layers/Mcal/Dio/Dio.o
 .debug_macro   0x00000000      0x15b ./src/Layers/Mcal/Dio/Dio.o
 .debug_macro   0x00000000       0x28 ./src/Layers/Mcal/Dio/Dio.o
 .debug_macro   0x00000000       0x58 ./src/Layers/Mcal/Dio/Dio.o
 .debug_macro   0x00000000     0xdf8d ./src/Layers/Mcal/Dio/Dio.o
 .debug_macro   0x00000000       0x10 ./src/Layers/Mcal/Dio/Dio.o
 .debug_line    0x00000000      0x299 ./src/Layers/Mcal/Dio/Dio.o
 .debug_str     0x00000000    0x5dd77 ./src/Layers/Mcal/Dio/Dio.o
 .comment       0x00000000       0x71 ./src/Layers/Mcal/Dio/Dio.o
 .debug_frame   0x00000000       0xb0 ./src/Layers/Mcal/Dio/Dio.o
 .ARM.attributes
                0x00000000       0x33 ./src/Layers/Mcal/Dio/Dio.o
 .group         0x00000000        0x8 ./src/Layers/Hal/LEDBar/LEDBar.o
 .group         0x00000000        0x8 ./src/Layers/Hal/LEDBar/LEDBar.o
 .group         0x00000000        0x8 ./src/Layers/Hal/LEDBar/LEDBar.o
 .group         0x00000000        0x8 ./src/Layers/Hal/LEDBar/LEDBar.o
 .group         0x00000000        0x8 ./src/Layers/Hal/LEDBar/LEDBar.o
 .group         0x00000000        0x8 ./src/Layers/Hal/LEDBar/LEDBar.o
 .group         0x00000000        0x8 ./src/Layers/Hal/LEDBar/LEDBar.o
 .group         0x00000000        0x8 ./src/Layers/Hal/LEDBar/LEDBar.o
 .group         0x00000000        0x8 ./src/Layers/Hal/LEDBar/LEDBar.o
 .group         0x00000000        0x8 ./src/Layers/Hal/LEDBar/LEDBar.o
 .group         0x00000000        0x8 ./src/Layers/Hal/LEDBar/LEDBar.o
 .group         0x00000000        0x8 ./src/Layers/Hal/LEDBar/LEDBar.o
 .group         0x00000000        0x8 ./src/Layers/Hal/LEDBar/LEDBar.o
 .text          0x00000000        0x0 ./src/Layers/Hal/LEDBar/LEDBar.o
 .data          0x00000000        0x0 ./src/Layers/Hal/LEDBar/LEDBar.o
 .bss           0x00000000        0x0 ./src/Layers/Hal/LEDBar/LEDBar.o
 .text.turnLEDBar
                0x00000000       0x68 ./src/Layers/Hal/LEDBar/LEDBar.o
 .debug_info    0x00000000       0xc7 ./src/Layers/Hal/LEDBar/LEDBar.o
 .debug_abbrev  0x00000000       0x7e ./src/Layers/Hal/LEDBar/LEDBar.o
 .debug_aranges
                0x00000000       0x20 ./src/Layers/Hal/LEDBar/LEDBar.o
 .debug_ranges  0x00000000       0x10 ./src/Layers/Hal/LEDBar/LEDBar.o
 .debug_macro   0x00000000       0xc0 ./src/Layers/Hal/LEDBar/LEDBar.o
 .debug_macro   0x00000000      0x868 ./src/Layers/Hal/LEDBar/LEDBar.o
 .debug_macro   0x00000000       0x52 ./src/Layers/Hal/LEDBar/LEDBar.o
 .debug_macro   0x00000000       0xa0 ./src/Layers/Hal/LEDBar/LEDBar.o
 .debug_macro   0x00000000       0x16 ./src/Layers/Hal/LEDBar/LEDBar.o
 .debug_macro   0x00000000       0x64 ./src/Layers/Hal/LEDBar/LEDBar.o
 .debug_macro   0x00000000      0x185 ./src/Layers/Hal/LEDBar/LEDBar.o
 .debug_macro   0x00000000      0x140 ./src/Layers/Hal/LEDBar/LEDBar.o
 .debug_macro   0x00000000       0x9d ./src/Layers/Hal/LEDBar/LEDBar.o
 .debug_macro   0x00000000       0x10 ./src/Layers/Hal/LEDBar/LEDBar.o
 .debug_macro   0x00000000      0x15b ./src/Layers/Hal/LEDBar/LEDBar.o
 .debug_macro   0x00000000       0x28 ./src/Layers/Hal/LEDBar/LEDBar.o
 .debug_macro   0x00000000       0x58 ./src/Layers/Hal/LEDBar/LEDBar.o
 .debug_macro   0x00000000       0x22 ./src/Layers/Hal/LEDBar/LEDBar.o
 .debug_line    0x00000000      0x273 ./src/Layers/Hal/LEDBar/LEDBar.o
 .debug_str     0x00000000     0x40b3 ./src/Layers/Hal/LEDBar/LEDBar.o
 .comment       0x00000000       0x71 ./src/Layers/Hal/LEDBar/LEDBar.o
 .debug_frame   0x00000000       0x34 ./src/Layers/Hal/LEDBar/LEDBar.o
 .ARM.attributes
                0x00000000       0x33 ./src/Layers/Hal/LEDBar/LEDBar.o
 .group         0x00000000        0x8 ./src/Layers/Hal/Indicators/LEDs.o
 .group         0x00000000        0x8 ./src/Layers/Hal/Indicators/LEDs.o
 .group         0x00000000        0x8 ./src/Layers/Hal/Indicators/LEDs.o
 .group         0x00000000        0x8 ./src/Layers/Hal/Indicators/LEDs.o
 .group         0x00000000        0x8 ./src/Layers/Hal/Indicators/LEDs.o
 .group         0x00000000        0x8 ./src/Layers/Hal/Indicators/LEDs.o
 .group         0x00000000        0x8 ./src/Layers/Hal/Indicators/LEDs.o
 .group         0x00000000        0x8 ./src/Layers/Hal/Indicators/LEDs.o
 .group         0x00000000        0x8 ./src/Layers/Hal/Indicators/LEDs.o
 .group         0x00000000        0x8 ./src/Layers/Hal/Indicators/LEDs.o
 .group         0x00000000        0x8 ./src/Layers/Hal/Indicators/LEDs.o
 .group         0x00000000        0x8 ./src/Layers/Hal/Indicators/LEDs.o
 .group         0x00000000        0x8 ./src/Layers/Hal/Indicators/LEDs.o
 .text          0x00000000        0x0 ./src/Layers/Hal/Indicators/LEDs.o
 .data          0x00000000        0x0 ./src/Layers/Hal/Indicators/LEDs.o
 .bss           0x00000000        0x0 ./src/Layers/Hal/Indicators/LEDs.o
 .text.activateIndicator
                0x00000000       0x18 ./src/Layers/Hal/Indicators/LEDs.o
 .debug_info    0x00000000       0xc7 ./src/Layers/Hal/Indicators/LEDs.o
 .debug_abbrev  0x00000000       0x7e ./src/Layers/Hal/Indicators/LEDs.o
 .debug_aranges
                0x00000000       0x20 ./src/Layers/Hal/Indicators/LEDs.o
 .debug_ranges  0x00000000       0x10 ./src/Layers/Hal/Indicators/LEDs.o
 .debug_macro   0x00000000       0xc0 ./src/Layers/Hal/Indicators/LEDs.o
 .debug_macro   0x00000000      0x868 ./src/Layers/Hal/Indicators/LEDs.o
 .debug_macro   0x00000000       0x52 ./src/Layers/Hal/Indicators/LEDs.o
 .debug_macro   0x00000000       0xa0 ./src/Layers/Hal/Indicators/LEDs.o
 .debug_macro   0x00000000       0x16 ./src/Layers/Hal/Indicators/LEDs.o
 .debug_macro   0x00000000       0x64 ./src/Layers/Hal/Indicators/LEDs.o
 .debug_macro   0x00000000      0x185 ./src/Layers/Hal/Indicators/LEDs.o
 .debug_macro   0x00000000      0x140 ./src/Layers/Hal/Indicators/LEDs.o
 .debug_macro   0x00000000       0x9d ./src/Layers/Hal/Indicators/LEDs.o
 .debug_macro   0x00000000       0x10 ./src/Layers/Hal/Indicators/LEDs.o
 .debug_macro   0x00000000      0x15b ./src/Layers/Hal/Indicators/LEDs.o
 .debug_macro   0x00000000       0x28 ./src/Layers/Hal/Indicators/LEDs.o
 .debug_macro   0x00000000       0x58 ./src/Layers/Hal/Indicators/LEDs.o
 .debug_macro   0x00000000       0x22 ./src/Layers/Hal/Indicators/LEDs.o
 .debug_line    0x00000000      0x267 ./src/Layers/Hal/Indicators/LEDs.o
 .debug_str     0x00000000     0x40c9 ./src/Layers/Hal/Indicators/LEDs.o
 .comment       0x00000000       0x71 ./src/Layers/Hal/Indicators/LEDs.o
 .debug_frame   0x00000000       0x34 ./src/Layers/Hal/Indicators/LEDs.o
 .ARM.attributes
                0x00000000       0x33 ./src/Layers/Hal/Indicators/LEDs.o
 .group         0x00000000        0x8 ./src/Layers/Hal/Buttons/Buttons.o
 .group         0x00000000        0x8 ./src/Layers/Hal/Buttons/Buttons.o
 .group         0x00000000        0x8 ./src/Layers/Hal/Buttons/Buttons.o
 .group         0x00000000        0x8 ./src/Layers/Hal/Buttons/Buttons.o
 .group         0x00000000        0x8 ./src/Layers/Hal/Buttons/Buttons.o
 .group         0x00000000        0x8 ./src/Layers/Hal/Buttons/Buttons.o
 .group         0x00000000        0x8 ./src/Layers/Hal/Buttons/Buttons.o
 .group         0x00000000        0x8 ./src/Layers/Hal/Buttons/Buttons.o
 .group         0x00000000        0x8 ./src/Layers/Hal/Buttons/Buttons.o
 .group         0x00000000        0x8 ./src/Layers/Hal/Buttons/Buttons.o
 .group         0x00000000        0x8 ./src/Layers/Hal/Buttons/Buttons.o
 .group         0x00000000        0x8 ./src/Layers/Hal/Buttons/Buttons.o
 .group         0x00000000        0x8 ./src/Layers/Hal/Buttons/Buttons.o
 .text          0x00000000        0x0 ./src/Layers/Hal/Buttons/Buttons.o
 .data          0x00000000        0x0 ./src/Layers/Hal/Buttons/Buttons.o
 .bss           0x00000000        0x0 ./src/Layers/Hal/Buttons/Buttons.o
 .text.getButtonState
                0x00000000       0x54 ./src/Layers/Hal/Buttons/Buttons.o
 .debug_info    0x00000000      0x128 ./src/Layers/Hal/Buttons/Buttons.o
 .debug_abbrev  0x00000000       0xaa ./src/Layers/Hal/Buttons/Buttons.o
 .debug_aranges
                0x00000000       0x20 ./src/Layers/Hal/Buttons/Buttons.o
 .debug_ranges  0x00000000       0x10 ./src/Layers/Hal/Buttons/Buttons.o
 .debug_macro   0x00000000       0xc0 ./src/Layers/Hal/Buttons/Buttons.o
 .debug_macro   0x00000000      0x868 ./src/Layers/Hal/Buttons/Buttons.o
 .debug_macro   0x00000000       0x52 ./src/Layers/Hal/Buttons/Buttons.o
 .debug_macro   0x00000000       0xa0 ./src/Layers/Hal/Buttons/Buttons.o
 .debug_macro   0x00000000       0x16 ./src/Layers/Hal/Buttons/Buttons.o
 .debug_macro   0x00000000       0x64 ./src/Layers/Hal/Buttons/Buttons.o
 .debug_macro   0x00000000      0x185 ./src/Layers/Hal/Buttons/Buttons.o
 .debug_macro   0x00000000      0x140 ./src/Layers/Hal/Buttons/Buttons.o
 .debug_macro   0x00000000       0x9d ./src/Layers/Hal/Buttons/Buttons.o
 .debug_macro   0x00000000       0x10 ./src/Layers/Hal/Buttons/Buttons.o
 .debug_macro   0x00000000      0x15b ./src/Layers/Hal/Buttons/Buttons.o
 .debug_macro   0x00000000       0x28 ./src/Layers/Hal/Buttons/Buttons.o
 .debug_macro   0x00000000       0x58 ./src/Layers/Hal/Buttons/Buttons.o
 .debug_macro   0x00000000       0x16 ./src/Layers/Hal/Buttons/Buttons.o
 .debug_line    0x00000000      0x26f ./src/Layers/Hal/Buttons/Buttons.o
 .debug_str     0x00000000     0x40c6 ./src/Layers/Hal/Buttons/Buttons.o
 .comment       0x00000000       0x71 ./src/Layers/Hal/Buttons/Buttons.o
 .debug_frame   0x00000000       0x34 ./src/Layers/Hal/Buttons/Buttons.o
 .ARM.attributes
                0x00000000       0x33 ./src/Layers/Hal/Buttons/Buttons.o
 .group         0x00000000        0x8 ./Project_Settings/Startup_Code/system_S32K144.o
 .group         0x00000000        0x8 ./Project_Settings/Startup_Code/system_S32K144.o
 .group         0x00000000        0x8 ./Project_Settings/Startup_Code/system_S32K144.o
 .group         0x00000000        0x8 ./Project_Settings/Startup_Code/system_S32K144.o
 .group         0x00000000        0x8 ./Project_Settings/Startup_Code/system_S32K144.o
 .group         0x00000000        0x8 ./Project_Settings/Startup_Code/system_S32K144.o
 .group         0x00000000        0x8 ./Project_Settings/Startup_Code/system_S32K144.o
 .group         0x00000000        0x8 ./Project_Settings/Startup_Code/system_S32K144.o
 .group         0x00000000        0x8 ./Project_Settings/Startup_Code/system_S32K144.o
 .group         0x00000000        0x8 ./Project_Settings/Startup_Code/system_S32K144.o
 .group         0x00000000        0x8 ./Project_Settings/Startup_Code/system_S32K144.o
 .group         0x00000000        0x8 ./Project_Settings/Startup_Code/system_S32K144.o
 .group         0x00000000        0x8 ./Project_Settings/Startup_Code/system_S32K144.o
 .group         0x00000000        0x8 ./Project_Settings/Startup_Code/system_S32K144.o
 .group         0x00000000        0x8 ./Project_Settings/Startup_Code/system_S32K144.o
 .group         0x00000000        0x8 ./Project_Settings/Startup_Code/system_S32K144.o
 .group         0x00000000        0x8 ./Project_Settings/Startup_Code/system_S32K144.o
 .group         0x00000000        0x8 ./Project_Settings/Startup_Code/system_S32K144.o
 .group         0x00000000        0x8 ./Project_Settings/Startup_Code/system_S32K144.o
 .text          0x00000000        0x0 ./Project_Settings/Startup_Code/system_S32K144.o
 .data          0x00000000        0x0 ./Project_Settings/Startup_Code/system_S32K144.o
 .bss           0x00000000        0x0 ./Project_Settings/Startup_Code/system_S32K144.o
 .data.SystemCoreClock
                0x00000000        0x4 ./Project_Settings/Startup_Code/system_S32K144.o
 .text.SystemCoreClockUpdate
                0x00000000       0xf4 ./Project_Settings/Startup_Code/system_S32K144.o
 .text.SystemSoftwareReset
                0x00000000       0x40 ./Project_Settings/Startup_Code/system_S32K144.o
 .rodata.fircFreq.5043
                0x00000000       0x10 ./Project_Settings/Startup_Code/system_S32K144.o
 .debug_macro   0x00000000      0x868 ./Project_Settings/Startup_Code/system_S32K144.o
 .debug_macro   0x00000000       0x52 ./Project_Settings/Startup_Code/system_S32K144.o
 .debug_macro   0x00000000       0xa0 ./Project_Settings/Startup_Code/system_S32K144.o
 .debug_macro   0x00000000       0x16 ./Project_Settings/Startup_Code/system_S32K144.o
 .debug_macro   0x00000000       0x19 ./Project_Settings/Startup_Code/system_S32K144.o
 .debug_macro   0x00000000       0x64 ./Project_Settings/Startup_Code/system_S32K144.o
 .debug_macro   0x00000000      0x185 ./Project_Settings/Startup_Code/system_S32K144.o
 .debug_macro   0x00000000      0x140 ./Project_Settings/Startup_Code/system_S32K144.o
 .debug_macro   0x00000000       0x9d ./Project_Settings/Startup_Code/system_S32K144.o
 .debug_macro   0x00000000       0x10 ./Project_Settings/Startup_Code/system_S32K144.o
 .debug_macro   0x00000000      0x15b ./Project_Settings/Startup_Code/system_S32K144.o
 .debug_macro   0x00000000       0x28 ./Project_Settings/Startup_Code/system_S32K144.o
 .debug_macro   0x00000000       0x58 ./Project_Settings/Startup_Code/system_S32K144.o
 .debug_macro   0x00000000     0xdf8d ./Project_Settings/Startup_Code/system_S32K144.o
 .data          0x00000000        0x0 ./Project_Settings/Startup_Code/startup_S32K144.o
 .bss           0x00000000        0x0 ./Project_Settings/Startup_Code/startup_S32K144.o
 .group         0x00000000        0x8 ./Project_Settings/Startup_Code/startup.o
 .group         0x00000000        0x8 ./Project_Settings/Startup_Code/startup.o
 .group         0x00000000        0x8 ./Project_Settings/Startup_Code/startup.o
 .group         0x00000000        0x8 ./Project_Settings/Startup_Code/startup.o
 .group         0x00000000        0x8 ./Project_Settings/Startup_Code/startup.o
 .group         0x00000000        0x8 ./Project_Settings/Startup_Code/startup.o
 .group         0x00000000        0x8 ./Project_Settings/Startup_Code/startup.o
 .group         0x00000000        0x8 ./Project_Settings/Startup_Code/startup.o
 .group         0x00000000        0x8 ./Project_Settings/Startup_Code/startup.o
 .group         0x00000000        0x8 ./Project_Settings/Startup_Code/startup.o
 .group         0x00000000        0x8 ./Project_Settings/Startup_Code/startup.o
 .group         0x00000000        0x8 ./Project_Settings/Startup_Code/startup.o
 .group         0x00000000        0x8 ./Project_Settings/Startup_Code/startup.o
 .group         0x00000000        0x8 ./Project_Settings/Startup_Code/startup.o
 .group         0x00000000        0x8 ./Project_Settings/Startup_Code/startup.o
 .group         0x00000000        0x8 ./Project_Settings/Startup_Code/startup.o
 .group         0x00000000        0x8 ./Project_Settings/Startup_Code/startup.o
 .group         0x00000000        0x8 ./Project_Settings/Startup_Code/startup.o
 .text          0x00000000        0x0 ./Project_Settings/Startup_Code/startup.o
 .data          0x00000000        0x0 ./Project_Settings/Startup_Code/startup.o
 .bss           0x00000000        0x0 ./Project_Settings/Startup_Code/startup.o
 .debug_macro   0x00000000      0x868 ./Project_Settings/Startup_Code/startup.o
 .debug_macro   0x00000000       0x52 ./Project_Settings/Startup_Code/startup.o
 .debug_macro   0x00000000       0xa0 ./Project_Settings/Startup_Code/startup.o
 .debug_macro   0x00000000       0x16 ./Project_Settings/Startup_Code/startup.o
 .debug_macro   0x00000000       0x10 ./Project_Settings/Startup_Code/startup.o
 .debug_macro   0x00000000       0x6d ./Project_Settings/Startup_Code/startup.o
 .debug_macro   0x00000000       0x19 ./Project_Settings/Startup_Code/startup.o
 .debug_macro   0x00000000       0x64 ./Project_Settings/Startup_Code/startup.o
 .debug_macro   0x00000000      0x185 ./Project_Settings/Startup_Code/startup.o
 .debug_macro   0x00000000      0x140 ./Project_Settings/Startup_Code/startup.o
 .debug_macro   0x00000000       0x9d ./Project_Settings/Startup_Code/startup.o
 .debug_macro   0x00000000       0x10 ./Project_Settings/Startup_Code/startup.o
 .debug_macro   0x00000000      0x15b ./Project_Settings/Startup_Code/startup.o
 .debug_macro   0x00000000       0x28 ./Project_Settings/Startup_Code/startup.o
 .debug_macro   0x00000000       0x58 ./Project_Settings/Startup_Code/startup.o
 .debug_macro   0x00000000     0xdf8d ./Project_Settings/Startup_Code/startup.o
 .debug_macro   0x00000000      0x978 ./Project_Settings/Startup_Code/startup.o
 .debug_macro   0x00000000       0x22 ./Project_Settings/Startup_Code/startup.o
 .text          0x00000000        0x0 C:/NXP/S32DS_ARM_v2.0/S32DS/arm_ewl2/lib/armv7e-m\libc99.a(exit.o)
 .data          0x00000000        0x0 C:/NXP/S32DS_ARM_v2.0/S32DS/arm_ewl2/lib/armv7e-m\libc99.a(exit.o)
 .bss           0x00000000        0x0 C:/NXP/S32DS_ARM_v2.0/S32DS/arm_ewl2/lib/armv7e-m\libc99.a(exit.o)
 .text.exit     0x00000000       0x38 C:/NXP/S32DS_ARM_v2.0/S32DS/arm_ewl2/lib/armv7e-m\libc99.a(exit.o)
 .text._Exit    0x00000000        0x4 C:/NXP/S32DS_ARM_v2.0/S32DS/arm_ewl2/lib/armv7e-m\libc99.a(exit.o)
 .bss.__stdio_exit
                0x00000000        0x4 C:/NXP/S32DS_ARM_v2.0/S32DS/arm_ewl2/lib/armv7e-m\libc99.a(exit.o)
 .bss.__console_exit
                0x00000000        0x4 C:/NXP/S32DS_ARM_v2.0/S32DS/arm_ewl2/lib/armv7e-m\libc99.a(exit.o)
 .debug_info    0x00000000      0x111 C:/NXP/S32DS_ARM_v2.0/S32DS/arm_ewl2/lib/armv7e-m\libc99.a(exit.o)
 .debug_abbrev  0x00000000       0x91 C:/NXP/S32DS_ARM_v2.0/S32DS/arm_ewl2/lib/armv7e-m\libc99.a(exit.o)
 .debug_loc     0x00000000       0x5d C:/NXP/S32DS_ARM_v2.0/S32DS/arm_ewl2/lib/armv7e-m\libc99.a(exit.o)
 .debug_aranges
                0x00000000       0x28 C:/NXP/S32DS_ARM_v2.0/S32DS/arm_ewl2/lib/armv7e-m\libc99.a(exit.o)
 .debug_line    0x00000000       0xa4 C:/NXP/S32DS_ARM_v2.0/S32DS/arm_ewl2/lib/armv7e-m\libc99.a(exit.o)
 .debug_str     0x00000000      0x23c C:/NXP/S32DS_ARM_v2.0/S32DS/arm_ewl2/lib/armv7e-m\libc99.a(exit.o)
 .comment       0x00000000       0x71 C:/NXP/S32DS_ARM_v2.0/S32DS/arm_ewl2/lib/armv7e-m\libc99.a(exit.o)
 .debug_frame   0x00000000       0x3c C:/NXP/S32DS_ARM_v2.0/S32DS/arm_ewl2/lib/armv7e-m\libc99.a(exit.o)
 .ARM.attributes
                0x00000000       0x33 C:/NXP/S32DS_ARM_v2.0/S32DS/arm_ewl2/lib/armv7e-m\libc99.a(exit.o)
 .text          0x00000000        0x0 C:/NXP/S32DS_ARM_v2.0/S32DS/arm_ewl2/lib/armv7e-m\libc99.a(memset.o)
 .data          0x00000000        0x0 C:/NXP/S32DS_ARM_v2.0/S32DS/arm_ewl2/lib/armv7e-m\libc99.a(memset.o)
 .bss           0x00000000        0x0 C:/NXP/S32DS_ARM_v2.0/S32DS/arm_ewl2/lib/armv7e-m\libc99.a(memset.o)
 .text.memset   0x00000000        0xc C:/NXP/S32DS_ARM_v2.0/S32DS/arm_ewl2/lib/armv7e-m\libc99.a(memset.o)
 .debug_info    0x00000000       0xec C:/NXP/S32DS_ARM_v2.0/S32DS/arm_ewl2/lib/armv7e-m\libc99.a(memset.o)
 .debug_abbrev  0x00000000       0x62 C:/NXP/S32DS_ARM_v2.0/S32DS/arm_ewl2/lib/armv7e-m\libc99.a(memset.o)
 .debug_loc     0x00000000       0x64 C:/NXP/S32DS_ARM_v2.0/S32DS/arm_ewl2/lib/armv7e-m\libc99.a(memset.o)
 .debug_aranges
                0x00000000       0x20 C:/NXP/S32DS_ARM_v2.0/S32DS/arm_ewl2/lib/armv7e-m\libc99.a(memset.o)
 .debug_line    0x00000000       0x8f C:/NXP/S32DS_ARM_v2.0/S32DS/arm_ewl2/lib/armv7e-m\libc99.a(memset.o)
 .debug_str     0x00000000      0x21f C:/NXP/S32DS_ARM_v2.0/S32DS/arm_ewl2/lib/armv7e-m\libc99.a(memset.o)
 .comment       0x00000000       0x71 C:/NXP/S32DS_ARM_v2.0/S32DS/arm_ewl2/lib/armv7e-m\libc99.a(memset.o)
 .debug_frame   0x00000000       0x28 C:/NXP/S32DS_ARM_v2.0/S32DS/arm_ewl2/lib/armv7e-m\libc99.a(memset.o)
 .ARM.attributes
                0x00000000       0x33 C:/NXP/S32DS_ARM_v2.0/S32DS/arm_ewl2/lib/armv7e-m\libc99.a(memset.o)
 .text          0x00000000        0x0 C:/NXP/S32DS_ARM_v2.0/S32DS/arm_ewl2/lib/armv7e-m\libc99.a(__filll_mem.o)
 .data          0x00000000        0x0 C:/NXP/S32DS_ARM_v2.0/S32DS/arm_ewl2/lib/armv7e-m\libc99.a(__filll_mem.o)
 .bss           0x00000000        0x0 C:/NXP/S32DS_ARM_v2.0/S32DS/arm_ewl2/lib/armv7e-m\libc99.a(__filll_mem.o)
 .text.__fill_mem
                0x00000000       0x7a C:/NXP/S32DS_ARM_v2.0/S32DS/arm_ewl2/lib/armv7e-m\libc99.a(__filll_mem.o)
 .debug_info    0x00000000      0x137 C:/NXP/S32DS_ARM_v2.0/S32DS/arm_ewl2/lib/armv7e-m\libc99.a(__filll_mem.o)
 .debug_abbrev  0x00000000       0x78 C:/NXP/S32DS_ARM_v2.0/S32DS/arm_ewl2/lib/armv7e-m\libc99.a(__filll_mem.o)
 .debug_loc     0x00000000      0x16b C:/NXP/S32DS_ARM_v2.0/S32DS/arm_ewl2/lib/armv7e-m\libc99.a(__filll_mem.o)
 .debug_aranges
                0x00000000       0x20 C:/NXP/S32DS_ARM_v2.0/S32DS/arm_ewl2/lib/armv7e-m\libc99.a(__filll_mem.o)
 .debug_line    0x00000000       0xb2 C:/NXP/S32DS_ARM_v2.0/S32DS/arm_ewl2/lib/armv7e-m\libc99.a(__filll_mem.o)
 .debug_str     0x00000000      0x231 C:/NXP/S32DS_ARM_v2.0/S32DS/arm_ewl2/lib/armv7e-m\libc99.a(__filll_mem.o)
 .comment       0x00000000       0x71 C:/NXP/S32DS_ARM_v2.0/S32DS/arm_ewl2/lib/armv7e-m\libc99.a(__filll_mem.o)
 .debug_frame   0x00000000       0x28 C:/NXP/S32DS_ARM_v2.0/S32DS/arm_ewl2/lib/armv7e-m\libc99.a(__filll_mem.o)
 .ARM.attributes
                0x00000000       0x33 C:/NXP/S32DS_ARM_v2.0/S32DS/arm_ewl2/lib/armv7e-m\libc99.a(__filll_mem.o)
 .text          0x00000000        0x0 C:/NXP/S32DS_ARM_v2.0/S32DS/arm_ewl2/lib/armv7e-m\librt.a(gcc_ctor_dtor.o)
 .data          0x00000000        0x0 C:/NXP/S32DS_ARM_v2.0/S32DS/arm_ewl2/lib/armv7e-m\librt.a(gcc_ctor_dtor.o)
 .bss           0x00000000        0x0 C:/NXP/S32DS_ARM_v2.0/S32DS/arm_ewl2/lib/armv7e-m\librt.a(gcc_ctor_dtor.o)
 .text.__init_cpp
                0x00000000       0x4c C:/NXP/S32DS_ARM_v2.0/S32DS/arm_ewl2/lib/armv7e-m\librt.a(gcc_ctor_dtor.o)
 .text.__fini_cpp
                0x00000000       0x34 C:/NXP/S32DS_ARM_v2.0/S32DS/arm_ewl2/lib/armv7e-m\librt.a(gcc_ctor_dtor.o)
 .text._ExitProcess
                0x00000000        0x2 C:/NXP/S32DS_ARM_v2.0/S32DS/arm_ewl2/lib/armv7e-m\librt.a(gcc_ctor_dtor.o)
 .bss.__dso_handle
                0x00000000        0x4 C:/NXP/S32DS_ARM_v2.0/S32DS/arm_ewl2/lib/armv7e-m\librt.a(gcc_ctor_dtor.o)
 .debug_info    0x00000000      0x14a C:/NXP/S32DS_ARM_v2.0/S32DS/arm_ewl2/lib/armv7e-m\librt.a(gcc_ctor_dtor.o)
 .debug_abbrev  0x00000000       0xae C:/NXP/S32DS_ARM_v2.0/S32DS/arm_ewl2/lib/armv7e-m\librt.a(gcc_ctor_dtor.o)
 .debug_loc     0x00000000       0x9d C:/NXP/S32DS_ARM_v2.0/S32DS/arm_ewl2/lib/armv7e-m\librt.a(gcc_ctor_dtor.o)
 .debug_aranges
                0x00000000       0x30 C:/NXP/S32DS_ARM_v2.0/S32DS/arm_ewl2/lib/armv7e-m\librt.a(gcc_ctor_dtor.o)
 .debug_line    0x00000000       0x74 C:/NXP/S32DS_ARM_v2.0/S32DS/arm_ewl2/lib/armv7e-m\librt.a(gcc_ctor_dtor.o)
 .debug_str     0x00000000      0x28e C:/NXP/S32DS_ARM_v2.0/S32DS/arm_ewl2/lib/armv7e-m\librt.a(gcc_ctor_dtor.o)
 .comment       0x00000000       0x71 C:/NXP/S32DS_ARM_v2.0/S32DS/arm_ewl2/lib/armv7e-m\librt.a(gcc_ctor_dtor.o)
 .debug_frame   0x00000000       0x50 C:/NXP/S32DS_ARM_v2.0/S32DS/arm_ewl2/lib/armv7e-m\librt.a(gcc_ctor_dtor.o)
 .ARM.attributes
                0x00000000       0x33 C:/NXP/S32DS_ARM_v2.0/S32DS/arm_ewl2/lib/armv7e-m\librt.a(gcc_ctor_dtor.o)
 .text          0x00000000        0x0 C:/NXP/S32DS_ARM_v2.0/S32DS/arm_ewl2/lib/armv7e-m\librt.a(__arm_eabi_init.o)
 .data          0x00000000        0x0 C:/NXP/S32DS_ARM_v2.0/S32DS/arm_ewl2/lib/armv7e-m\librt.a(__arm_eabi_init.o)
 .bss           0x00000000        0x0 C:/NXP/S32DS_ARM_v2.0/S32DS/arm_ewl2/lib/armv7e-m\librt.a(__arm_eabi_init.o)
 .text.__destroy_global_chain
                0x00000000       0x18 C:/NXP/S32DS_ARM_v2.0/S32DS/arm_ewl2/lib/armv7e-m\librt.a(__arm_eabi_init.o)
 .text.__register_global_object
                0x00000000       0x14 C:/NXP/S32DS_ARM_v2.0/S32DS/arm_ewl2/lib/armv7e-m\librt.a(__arm_eabi_init.o)
 .text.__cxa_atexit
                0x00000000       0x38 C:/NXP/S32DS_ARM_v2.0/S32DS/arm_ewl2/lib/armv7e-m\librt.a(__arm_eabi_init.o)
 .text.__aeabi_atexit
                0x00000000        0xa C:/NXP/S32DS_ARM_v2.0/S32DS/arm_ewl2/lib/armv7e-m\librt.a(__arm_eabi_init.o)
 .text.__register_atexit
                0x00000000        0x8 C:/NXP/S32DS_ARM_v2.0/S32DS/arm_ewl2/lib/armv7e-m\librt.a(__arm_eabi_init.o)
 .text.__init_registers
                0x00000000       0x20 C:/NXP/S32DS_ARM_v2.0/S32DS/arm_ewl2/lib/armv7e-m\librt.a(__arm_eabi_init.o)
 .text.__init_hardware
                0x00000000        0x4 C:/NXP/S32DS_ARM_v2.0/S32DS/arm_ewl2/lib/armv7e-m\librt.a(__arm_eabi_init.o)
 .text.__init_user
                0x00000000        0x4 C:/NXP/S32DS_ARM_v2.0/S32DS/arm_ewl2/lib/armv7e-m\librt.a(__arm_eabi_init.o)
 .bss.atexit_curr_func
                0x00000000        0x4 C:/NXP/S32DS_ARM_v2.0/S32DS/arm_ewl2/lib/armv7e-m\librt.a(__arm_eabi_init.o)
 .bss.atexit_funcs
                0x00000000      0x300 C:/NXP/S32DS_ARM_v2.0/S32DS/arm_ewl2/lib/armv7e-m\librt.a(__arm_eabi_init.o)
 .bss.__global_destructor_chain
                0x00000000        0x4 C:/NXP/S32DS_ARM_v2.0/S32DS/arm_ewl2/lib/armv7e-m\librt.a(__arm_eabi_init.o)
 .debug_info    0x00000000      0x2b3 C:/NXP/S32DS_ARM_v2.0/S32DS/arm_ewl2/lib/armv7e-m\librt.a(__arm_eabi_init.o)
 .debug_abbrev  0x00000000      0x1d3 C:/NXP/S32DS_ARM_v2.0/S32DS/arm_ewl2/lib/armv7e-m\librt.a(__arm_eabi_init.o)
 .debug_loc     0x00000000      0x144 C:/NXP/S32DS_ARM_v2.0/S32DS/arm_ewl2/lib/armv7e-m\librt.a(__arm_eabi_init.o)
 .debug_aranges
                0x00000000       0x58 C:/NXP/S32DS_ARM_v2.0/S32DS/arm_ewl2/lib/armv7e-m\librt.a(__arm_eabi_init.o)
 .debug_line    0x00000000      0x107 C:/NXP/S32DS_ARM_v2.0/S32DS/arm_ewl2/lib/armv7e-m\librt.a(__arm_eabi_init.o)
 .debug_str     0x00000000      0x2b5 C:/NXP/S32DS_ARM_v2.0/S32DS/arm_ewl2/lib/armv7e-m\librt.a(__arm_eabi_init.o)
 .comment       0x00000000       0x71 C:/NXP/S32DS_ARM_v2.0/S32DS/arm_ewl2/lib/armv7e-m\librt.a(__arm_eabi_init.o)
 .debug_frame   0x00000000       0xac C:/NXP/S32DS_ARM_v2.0/S32DS/arm_ewl2/lib/armv7e-m\librt.a(__arm_eabi_init.o)
 .ARM.attributes
                0x00000000       0x33 C:/NXP/S32DS_ARM_v2.0/S32DS/arm_ewl2/lib/armv7e-m\librt.a(__arm_eabi_init.o)
 .text          0x00000000        0x0 C:/NXP/S32DS_ARM_v2.0/S32DS/arm_ewl2/lib/armv7e-m\librt.a(ROMCopy.o)
 .data          0x00000000        0x0 C:/NXP/S32DS_ARM_v2.0/S32DS/arm_ewl2/lib/armv7e-m\librt.a(ROMCopy.o)
 .bss           0x00000000        0x0 C:/NXP/S32DS_ARM_v2.0/S32DS/arm_ewl2/lib/armv7e-m\librt.a(ROMCopy.o)
 .text.__flush_cache
                0x00000000        0x2 C:/NXP/S32DS_ARM_v2.0/S32DS/arm_ewl2/lib/armv7e-m\librt.a(ROMCopy.o)
 .text.__copy_rom_section
                0x00000000       0x42 C:/NXP/S32DS_ARM_v2.0/S32DS/arm_ewl2/lib/armv7e-m\librt.a(ROMCopy.o)
 .text.__copy_rom_sections_to_ram
                0x00000000       0x28 C:/NXP/S32DS_ARM_v2.0/S32DS/arm_ewl2/lib/armv7e-m\librt.a(ROMCopy.o)
 .debug_info    0x00000000      0x20e C:/NXP/S32DS_ARM_v2.0/S32DS/arm_ewl2/lib/armv7e-m\librt.a(ROMCopy.o)
 .debug_abbrev  0x00000000      0x11f C:/NXP/S32DS_ARM_v2.0/S32DS/arm_ewl2/lib/armv7e-m\librt.a(ROMCopy.o)
 .debug_loc     0x00000000       0xb3 C:/NXP/S32DS_ARM_v2.0/S32DS/arm_ewl2/lib/armv7e-m\librt.a(ROMCopy.o)
 .debug_aranges
                0x00000000       0x30 C:/NXP/S32DS_ARM_v2.0/S32DS/arm_ewl2/lib/armv7e-m\librt.a(ROMCopy.o)
 .debug_line    0x00000000       0x9e C:/NXP/S32DS_ARM_v2.0/S32DS/arm_ewl2/lib/armv7e-m\librt.a(ROMCopy.o)
 .debug_str     0x00000000      0x233 C:/NXP/S32DS_ARM_v2.0/S32DS/arm_ewl2/lib/armv7e-m\librt.a(ROMCopy.o)
 .comment       0x00000000       0x71 C:/NXP/S32DS_ARM_v2.0/S32DS/arm_ewl2/lib/armv7e-m\librt.a(ROMCopy.o)
 .debug_frame   0x00000000       0x48 C:/NXP/S32DS_ARM_v2.0/S32DS/arm_ewl2/lib/armv7e-m\librt.a(ROMCopy.o)
 .ARM.attributes
                0x00000000       0x33 C:/NXP/S32DS_ARM_v2.0/S32DS/arm_ewl2/lib/armv7e-m\librt.a(ROMCopy.o)
 .text          0x00000000        0x0 C:/NXP/S32DS_ARM_v2.0/S32DS/arm_ewl2/lib/armv7e-m/__arm_end.o
 .data          0x00000000        0x0 C:/NXP/S32DS_ARM_v2.0/S32DS/arm_ewl2/lib/armv7e-m/__arm_end.o
 .bss           0x00000000        0x0 C:/NXP/S32DS_ARM_v2.0/S32DS/arm_ewl2/lib/armv7e-m/__arm_end.o
 .text._ExitProcess
                0x00000000        0x2 C:/NXP/S32DS_ARM_v2.0/S32DS/arm_ewl2/lib/armv7e-m/__arm_end.o
 .debug_info    0x00000000       0x4e C:/NXP/S32DS_ARM_v2.0/S32DS/arm_ewl2/lib/armv7e-m/__arm_end.o
 .debug_abbrev  0x00000000       0x4a C:/NXP/S32DS_ARM_v2.0/S32DS/arm_ewl2/lib/armv7e-m/__arm_end.o
 .debug_aranges
                0x00000000       0x20 C:/NXP/S32DS_ARM_v2.0/S32DS/arm_ewl2/lib/armv7e-m/__arm_end.o
 .debug_line    0x00000000       0x45 C:/NXP/S32DS_ARM_v2.0/S32DS/arm_ewl2/lib/armv7e-m/__arm_end.o
 .debug_str     0x00000000      0x1a7 C:/NXP/S32DS_ARM_v2.0/S32DS/arm_ewl2/lib/armv7e-m/__arm_end.o
 .comment       0x00000000       0x71 C:/NXP/S32DS_ARM_v2.0/S32DS/arm_ewl2/lib/armv7e-m/__arm_end.o
 .debug_frame   0x00000000       0x20 C:/NXP/S32DS_ARM_v2.0/S32DS/arm_ewl2/lib/armv7e-m/__arm_end.o
 .ARM.attributes
                0x00000000       0x33 C:/NXP/S32DS_ARM_v2.0/S32DS/arm_ewl2/lib/armv7e-m/__arm_end.o

Memory Configuration

Name             Origin             Length             Attributes
m_interrupts     0x00000000         0x00000400         xr
m_flash_config   0x00000400         0x00000010         xr
m_text           0x00000410         0x0007fbf0         xr
m_data           0x1fff8000         0x00008000         rw
m_data_2         0x20000000         0x00007000         rw
*default*        0x00000000         0xffffffff

Linker script and memory map

LOAD C:/NXP/S32DS_ARM_v2.0/S32DS/arm_ewl2/lib/armv7e-m/__arm_start.o
LOAD ./src/main.o
LOAD ./src/Layers/Services/SchM/SchM_Tasks.o
LOAD ./src/Layers/Services/SchM/SchM_Cfg.o
LOAD ./src/Layers/Services/SchM/SchM.o
LOAD ./src/Layers/Mcal/Wdog/Wdog.o
LOAD ./src/Layers/Mcal/Port/Port.o
LOAD ./src/Layers/Mcal/Nvic/Nvic.o
LOAD ./src/Layers/Mcal/Mcu/Mcu.o
LOAD ./src/Layers/Mcal/Lpit/Lpit.o
LOAD ./src/Layers/Mcal/Dio/Dio.o
LOAD ./src/Layers/Hal/LEDBar/LEDBar.o
LOAD ./src/Layers/Hal/Indicators/LEDs.o
LOAD ./src/Layers/Hal/Buttons/Buttons.o
LOAD ./Project_Settings/Startup_Code/system_S32K144.o
LOAD ./Project_Settings/Startup_Code/startup_S32K144.o
LOAD ./Project_Settings/Startup_Code/startup.o
START GROUP
LOAD C:/NXP/S32DS_ARM_v2.0/S32DS/arm_ewl2/lib/armv7e-m\libc99.a
LOAD C:/NXP/S32DS_ARM_v2.0/S32DS/arm_ewl2/lib/armv7e-m\libm.a
LOAD c:/nxp/s32ds_arm_v2.0/cross_tools/gcc-arm-none-eabi-4_9/bin/../lib/gcc/arm-none-eabi/4.9.3/armv7e-m\libgcc.a
LOAD C:/NXP/S32DS_ARM_v2.0/S32DS/arm_ewl2/lib/armv7e-m\librt.a
END GROUP
LOAD C:/NXP/S32DS_ARM_v2.0/S32DS/arm_ewl2/lib/armv7e-m/__arm_end.o
                0x00000400                HEAP_SIZE = DEFINED (__heap_size__)?__heap_size__:0x400
                0x00000400                STACK_SIZE = DEFINED (__stack_size__)?__stack_size__:0x400
                0x00000400                M_VECTOR_RAM_SIZE = DEFINED (__flash_vector_table__)?0x0:0x400

.interrupts     0x00000000      0x400
                0x00000000                __VECTOR_TABLE = .
                0x00000000                . = ALIGN (0x4)
 *(.isr_vector)
 .isr_vector    0x00000000      0x400 ./Project_Settings/Startup_Code/startup_S32K144.o
                0x00000000                __isr_vector
                0x00000400                . = ALIGN (0x4)

.flash_config   0x00000400       0x10
                0x00000400                . = ALIGN (0x4)
 *(.FlashConfig)
 .FlashConfig   0x00000400       0x10 ./Project_Settings/Startup_Code/startup_S32K144.o
                0x00000410                . = ALIGN (0x4)

.text           0x00000410      0x1a0
                0x00000410                . = ALIGN (0x4)
 *(.text)
 .text          0x00000410       0x44 ./Project_Settings/Startup_Code/startup_S32K144.o
                0x00000410                Reset_Handler
                0x00000450                DebugMon_Handler
                0x00000450                Reserved88_IRQHandler
                0x00000450                CAN0_ORed_IRQHandler
                0x00000450                HardFault_Handler
                0x00000450                Reserved86_IRQHandler
                0x00000450                Reserved103_IRQHandler
                0x00000450                SysTick_Handler
                0x00000450                FTM2_Ovf_Reload_IRQHandler
                0x00000450                Reserved50_IRQHandler
                0x00000450                FTFC_Fault_IRQHandler
                0x00000450                FTM0_Ch6_Ch7_IRQHandler
                0x00000450                Reserved114_IRQHandler
                0x00000450                PendSV_Handler
                0x00000450                NMI_Handler
                0x00000450                Reserved89_IRQHandler
                0x00000450                ERM_double_fault_IRQHandler
                0x00000450                DMA2_IRQHandler
                0x00000450                Reserved59_IRQHandler
                0x00000450                Reserved99_IRQHandler
                0x00000450                FTM3_Ch6_Ch7_IRQHandler
                0x00000450                CAN2_ORed_0_15_MB_IRQHandler
                0x00000450                LPIT0_Ch3_IRQHandler
                0x00000450                Reserved92_IRQHandler
                0x00000450                FTM0_Ch4_Ch5_IRQHandler
                0x00000450                CAN1_Error_IRQHandler
                0x00000450                FTM3_Ch0_Ch1_IRQHandler
                0x00000450                SWI_IRQHandler
                0x00000450                ADC0_IRQHandler
                0x00000450                FTM2_Ch4_Ch5_IRQHandler
                0x00000450                UsageFault_Handler
                0x00000450                FTM0_Ovf_Reload_IRQHandler
                0x00000450                DefaultISR
                0x00000450                DMA9_IRQHandler
                0x00000450                Reserved58_IRQHandler
                0x00000450                CAN1_ORed_0_15_MB_IRQHandler
                0x00000450                FTM1_Ch2_Ch3_IRQHandler
                0x00000450                DMA14_IRQHandler
                0x00000450                Reserved82_IRQHandler
                0x00000450                CAN0_ORed_16_31_MB_IRQHandler
                0x00000450                LPI2C0_Slave_IRQHandler
                0x00000450                Reserved71_IRQHandler
                0x00000450                PORTD_IRQHandler
                0x00000450                Reserved69_IRQHandler
                0x00000450                PORTB_IRQHandler
                0x00000450                Reserved70_IRQHandler
                0x00000450                ADC1_IRQHandler
                0x00000450                FTM2_Ch2_Ch3_IRQHandler
                0x00000450                Reserved53_IRQHandler
                0x00000450                DMA5_IRQHandler
                0x00000450                RTC_IRQHandler
                0x00000450                PDB0_IRQHandler
                0x00000450                Reserved54_IRQHandler
                0x00000450                FTM2_Ch6_Ch7_IRQHandler
                0x00000450                FTM3_Ch2_Ch3_IRQHandler
                0x00000450                FTM2_Ch0_Ch1_IRQHandler
                0x00000450                LPSPI1_IRQHandler
                0x00000450                LPUART1_RxTx_IRQHandler
                0x00000450                RTC_Seconds_IRQHandler
                0x00000450                CAN2_ORed_IRQHandler
                0x00000450                Reserved72_IRQHandler
                0x00000450                Reserved110_IRQHandler
                0x00000450                DMA11_IRQHandler
                0x00000450                Reserved107_IRQHandler
                0x00000450                Read_Collision_IRQHandler
                0x00000450                CAN2_Error_IRQHandler
                0x00000450                FTFC_IRQHandler
                0x00000450                DMA7_IRQHandler
                0x00000450                FTM1_Ch6_Ch7_IRQHandler
                0x00000450                Reserved105_IRQHandler
                0x00000450                LPIT0_Ch1_IRQHandler
                0x00000450                FTM1_Ch4_Ch5_IRQHandler
                0x00000450                FTM3_Ovf_Reload_IRQHandler
                0x00000450                LPUART2_RxTx_IRQHandler
                0x00000450                LPSPI0_IRQHandler
                0x00000450                WDOG_EWM_IRQHandler
                0x00000450                MemManage_Handler
                0x00000450                Reserved90_IRQHandler
                0x00000450                Reserved83_IRQHandler
                0x00000450                FTM0_Fault_IRQHandler
                0x00000450                Reserved48_IRQHandler
                0x00000450                SVC_Handler
                0x00000450                ERM_single_fault_IRQHandler
                0x00000450                FTM2_Fault_IRQHandler
                0x00000450                FTM0_Ch2_Ch3_IRQHandler
                0x00000450                DMA13_IRQHandler
                0x00000450                FTM0_Ch0_Ch1_IRQHandler
                0x00000450                FTM3_Fault_IRQHandler
                0x00000450                RCM_IRQHandler
                0x00000450                DMA3_IRQHandler
                0x00000450                Reserved100_IRQHandler
                0x00000450                DMA0_IRQHandler
                0x00000450                Reserved91_IRQHandler
                0x00000450                CAN1_ORed_IRQHandler
                0x00000450                DMA15_IRQHandler
                0x00000450                SCG_IRQHandler
                0x00000450                PDB1_IRQHandler
                0x00000450                Reserved81_IRQHandler
                0x00000450                Reserved46_IRQHandler
                0x00000450                Reserved45_IRQHandler
                0x00000450                CAN0_Error_IRQHandler
                0x00000450                Reserved112_IRQHandler
                0x00000450                LPI2C0_Master_IRQHandler
                0x00000450                DMA4_IRQHandler
                0x00000450                FTM1_Fault_IRQHandler
                0x00000450                Reserved106_IRQHandler
                0x00000450                DMA_Error_IRQHandler
                0x00000450                LVD_LVW_IRQHandler
                0x00000450                LPIT0_Ch2_IRQHandler
                0x00000450                PORTA_IRQHandler
                0x00000450                MCM_IRQHandler
                0x00000450                LPSPI2_IRQHandler
                0x00000450                DMA12_IRQHandler
                0x00000450                FTM3_Ch4_Ch5_IRQHandler
                0x00000450                CAN0_ORed_0_15_MB_IRQHandler
                0x00000450                PORTE_IRQHandler
                0x00000450                LPUART0_RxTx_IRQHandler
                0x00000450                LPTMR0_IRQHandler
                0x00000450                BusFault_Handler
                0x00000450                Reserved87_IRQHandler
                0x00000450                FTM1_Ovf_Reload_IRQHandler
                0x00000450                DMA8_IRQHandler
                0x00000450                Reserved93_IRQHandler
                0x00000450                DMA10_IRQHandler
                0x00000450                CAN0_Wake_Up_IRQHandler
                0x00000450                CMP0_IRQHandler
                0x00000450                Reserved52_IRQHandler
                0x00000450                PORTC_IRQHandler
                0x00000450                DMA6_IRQHandler
                0x00000450                FTM1_Ch0_Ch1_IRQHandler
                0x00000450                FLEXIO_IRQHandler
                0x00000450                DMA1_IRQHandler
                0x00000450                Reserved113_IRQHandler
 *(.text*)
 .text.main     0x00000454       0x10 ./src/main.o
                0x00000454                main
 .text.LPIT0_Ch0_IRQHandler
                0x00000464       0x28 ./src/Layers/Mcal/Lpit/Lpit.o
                0x00000464                LPIT0_Ch0_IRQHandler
 .text.SystemInit
                0x0000048c       0x30 ./Project_Settings/Startup_Code/system_S32K144.o
                0x0000048c                SystemInit
 .text.init_data_bss
                0x000004bc       0xf4 ./Project_Settings/Startup_Code/startup.o
                0x000004bc                init_data_bss
 *(.rodata)
 *(.rodata*)
 *(.glue_7)
 .glue_7        0x00000000        0x0 linker stubs
 *(.glue_7t)
 .glue_7t       0x00000000        0x0 linker stubs
 *(.eh_frame)
 *(.init)
 *(.fini)
                0x000005b0                . = ALIGN (0x4)

.vfp11_veneer   0x000005b0        0x0
 .vfp11_veneer  0x00000000        0x0 linker stubs

.v4_bx          0x000005b0        0x0
 .v4_bx         0x00000000        0x0 linker stubs

.iplt           0x000005b0        0x0
 .iplt          0x00000000        0x0 C:/NXP/S32DS_ARM_v2.0/S32DS/arm_ewl2/lib/armv7e-m/__arm_start.o

.rel.dyn        0x000005b0        0x0
 .rel.iplt      0x00000000        0x0 C:/NXP/S32DS_ARM_v2.0/S32DS/arm_ewl2/lib/armv7e-m/__arm_start.o

.ARM.extab
 *(.ARM.extab* .gnu.linkonce.armextab.*)

.ARM            0x000005b0        0x0
                0x000005b0                __exidx_start = .
 *(.ARM.exidx*)
                0x000005b0                __exidx_end = .

.ctors          0x000005b0        0x0
                0x000005b0                __CTOR_LIST__ = .
 *crtbegin.o(.ctors)
 *crtbegin?.o(.ctors)
 *(EXCLUDE_FILE(*crtend.o *crtend?.o) .ctors)
 *(SORT(.ctors.*))
 *(.ctors)
                0x000005b0                __CTOR_END__ = .

.dtors          0x000005b0        0x0
                0x000005b0                __DTOR_LIST__ = .
 *crtbegin.o(.dtors)
 *crtbegin?.o(.dtors)
 *(EXCLUDE_FILE(*crtend.o *crtend?.o) .dtors)
 *(SORT(.dtors.*))
 *(.dtors)
                0x000005b0                __DTOR_END__ = .

.preinit_array  0x000005b0        0x0
                0x000005b0                PROVIDE (__preinit_array_start, .)
 *(.preinit_array*)
                0x000005b0                PROVIDE (__preinit_array_end, .)

.init_array     0x000005b0        0x0
                0x000005b0                PROVIDE (__init_array_start, .)
 *(SORT(.init_array.*))
 *(.init_array*)
                0x000005b0                PROVIDE (__init_array_end, .)

.fini_array     0x000005b0        0x0
                0x000005b0                PROVIDE (__fini_array_start, .)
 *(SORT(.fini_array.*))
 *(.fini_array*)
                0x000005b0                PROVIDE (__fini_array_end, .)
                0x000005b0                __etext = .
                0x000005b0                __DATA_ROM = .

.interrupts_ram
                0x1fff8000      0x400
                0x1fff8000                . = ALIGN (0x4)
                0x1fff8000                __VECTOR_RAM__ = .
                0x1fff8000                __interrupts_ram_start__ = .
 *(.m_interrupts_ram)
                0x1fff8400                . = (. + M_VECTOR_RAM_SIZE)
 *fill*         0x1fff8000      0x400 
                0x1fff8400                . = ALIGN (0x4)
                0x1fff8400                __interrupts_ram_end__ = .
                0x1fff8000                __VECTOR_RAM = DEFINED (__flash_vector_table__)?ORIGIN (m_interrupts):__VECTOR_RAM__
                0x00000400                __RAM_VECTOR_TABLE_SIZE = DEFINED (__flash_vector_table__)?0x0:(__interrupts_ram_end__ - __interrupts_ram_start__)

.data           0x1fff8400        0x0 load address 0x000005b0
                0x1fff8400                . = ALIGN (0x4)
                0x1fff8400                __DATA_RAM = .
                0x1fff8400                __data_start__ = .
 *(.data)
 *(.data*)
 *(.jcr*)
                0x1fff8400                . = ALIGN (0x4)
                0x1fff8400                __data_end__ = .
                0x000005b0                __DATA_END = (__DATA_ROM + (__data_end__ - __data_start__))
                0x000005b0                __CODE_ROM = __DATA_END

.igot.plt       0x1fff8400        0x0
 .igot.plt      0x00000000        0x0 C:/NXP/S32DS_ARM_v2.0/S32DS/arm_ewl2/lib/armv7e-m/__arm_start.o

.code           0x1fff8400        0x0 load address 0x000005b0
                0x1fff8400                . = ALIGN (0x4)
                0x1fff8400                __CODE_RAM = .
                0x1fff8400                __code_start__ = .
 *(.code_ram)
                0x1fff8400                . = ALIGN (0x4)
                0x1fff8400                __code_end__ = .
                0x000005b0                __CODE_END = (__CODE_ROM + (__code_end__ - __code_start__))

.customSectionBlock
 *(.customSection)

.bss            0x20000000        0x4
                0x20000000                . = ALIGN (0x4)
                0x20000000                __BSS_START = .
                0x20000000                __bss_start__ = .
 *(.bss)
 *(.bss*)
 *(COMMON)
 COMMON         0x20000000        0x4 ./src/Layers/Mcal/Lpit/Lpit.o
                0x20000000                GlbPit0Callback
                0x20000004                . = ALIGN (0x4)
                0x20000004                __bss_end__ = .
                0x20000004                __BSS_END = .

.heap           0x20000004      0x404
                0x20000008                . = ALIGN (0x8)
 *fill*         0x20000004        0x4 
                0x20000008                __end__ = .
                0x20000008                PROVIDE (end, .)
                0x20000008                PROVIDE (_end, .)
                0x20000008                PROVIDE (__end, .)
                0x20000008                __HeapBase = .
                0x20000408                . = (. + HEAP_SIZE)
 *fill*         0x20000008      0x400 
                0x20000408                __HeapLimit = .
                0x20000408                __heap_limit = .

.stack          0x20000408      0x400
                0x20000408                . = ALIGN (0x8)
                0x20000808                . = (. + STACK_SIZE)
 *fill*         0x20000408      0x400 
                0x20007000                __StackTop = (ORIGIN (m_data_2) + 0x7000)
                0x20006c00                __StackLimit = (__StackTop - STACK_SIZE)
                0x20007000                PROVIDE (__stack, __StackTop)

.ARM.attributes
                0x00000000       0x31
 *(.ARM.attributes)
 .ARM.attributes
                0x00000000       0x33 ./src/main.o
 .ARM.attributes
                0x00000033       0x33 ./src/Layers/Mcal/Lpit/Lpit.o
 .ARM.attributes
                0x00000066       0x33 ./Project_Settings/Startup_Code/system_S32K144.o
 .ARM.attributes
                0x00000099       0x1b ./Project_Settings/Startup_Code/startup_S32K144.o
 .ARM.attributes
                0x000000b4       0x33 ./Project_Settings/Startup_Code/startup.o
                0x00000001                ASSERT ((__StackLimit >= __HeapLimit), region m_data_2 overflowed with stack and heap)
OUTPUT(ClusterProject.elf elf32-littlearm)

.debug_info     0x00000000      0xc52
 .debug_info    0x00000000       0x85 ./src/main.o
 .debug_info    0x00000085      0x233 ./src/Layers/Mcal/Lpit/Lpit.o
 .debug_info    0x000002b8      0x500 ./Project_Settings/Startup_Code/system_S32K144.o
 .debug_info    0x000007b8       0xaf ./Project_Settings/Startup_Code/startup_S32K144.o
 .debug_info    0x00000867      0x3eb ./Project_Settings/Startup_Code/startup.o

.debug_abbrev   0x00000000      0x38d
 .debug_abbrev  0x00000000       0x47 ./src/main.o
 .debug_abbrev  0x00000047      0x119 ./src/Layers/Mcal/Lpit/Lpit.o
 .debug_abbrev  0x00000160      0x118 ./Project_Settings/Startup_Code/system_S32K144.o
 .debug_abbrev  0x00000278       0x14 ./Project_Settings/Startup_Code/startup_S32K144.o
 .debug_abbrev  0x0000028c      0x101 ./Project_Settings/Startup_Code/startup.o

.debug_aranges  0x00000000       0xc8
 .debug_aranges
                0x00000000       0x20 ./src/main.o
 .debug_aranges
                0x00000020       0x38 ./src/Layers/Mcal/Lpit/Lpit.o
 .debug_aranges
                0x00000058       0x30 ./Project_Settings/Startup_Code/system_S32K144.o
 .debug_aranges
                0x00000088       0x20 ./Project_Settings/Startup_Code/startup_S32K144.o
 .debug_aranges
                0x000000a8       0x20 ./Project_Settings/Startup_Code/startup.o

.debug_ranges   0x00000000       0x68
 .debug_ranges  0x00000000       0x10 ./src/main.o
 .debug_ranges  0x00000010       0x28 ./src/Layers/Mcal/Lpit/Lpit.o
 .debug_ranges  0x00000038       0x20 ./Project_Settings/Startup_Code/system_S32K144.o
 .debug_ranges  0x00000058       0x10 ./Project_Settings/Startup_Code/startup.o

.debug_macro    0x00000000     0x1c97
 .debug_macro   0x00000000       0xa7 ./src/main.o
 .debug_macro   0x000000a7      0x868 ./src/main.o
 .debug_macro   0x0000090f       0x52 ./src/main.o
 .debug_macro   0x00000961       0xa0 ./src/main.o
 .debug_macro   0x00000a01       0x16 ./src/main.o
 .debug_macro   0x00000a17       0x64 ./src/main.o
 .debug_macro   0x00000a7b      0x185 ./src/main.o
 .debug_macro   0x00000c00      0x140 ./src/main.o
 .debug_macro   0x00000d40       0x9d ./src/main.o
 .debug_macro   0x00000ddd       0x10 ./src/main.o
 .debug_macro   0x00000ded      0x15b ./src/main.o
 .debug_macro   0x00000f48       0x28 ./src/main.o
 .debug_macro   0x00000f70       0x58 ./src/main.o
 .debug_macro   0x00000fc8       0xc3 ./src/Layers/Mcal/Lpit/Lpit.o
 .debug_macro   0x0000108b       0xe9 ./Project_Settings/Startup_Code/system_S32K144.o
 .debug_macro   0x00001174       0x10 ./Project_Settings/Startup_Code/system_S32K144.o
 .debug_macro   0x00001184       0x6d ./Project_Settings/Startup_Code/system_S32K144.o
 .debug_macro   0x000011f1      0x978 ./Project_Settings/Startup_Code/system_S32K144.o
 .debug_macro   0x00001b69       0x22 ./Project_Settings/Startup_Code/system_S32K144.o
 .debug_macro   0x00001b8b       0x22 ./Project_Settings/Startup_Code/system_S32K144.o
 .debug_macro   0x00001bad       0xea ./Project_Settings/Startup_Code/startup.o

.debug_line     0x00000000      0xa31
 .debug_line    0x00000000      0x1dc ./src/main.o
 .debug_line    0x000001dc      0x2a1 ./src/Layers/Mcal/Lpit/Lpit.o
 .debug_line    0x0000047d      0x2b6 ./Project_Settings/Startup_Code/system_S32K144.o
 .debug_line    0x00000733       0x83 ./Project_Settings/Startup_Code/startup_S32K144.o
 .debug_line    0x000007b6      0x27b ./Project_Settings/Startup_Code/startup.o

.debug_str      0x00000000    0x626a6
 .debug_str     0x00000000     0x3f83 ./src/main.o
                               0x4007 (size before relaxing)
 .debug_str     0x00003f83    0x59d73 ./src/Layers/Mcal/Lpit/Lpit.o
                              0x5dd80 (size before relaxing)
 .debug_str     0x0005dcf6     0x4890 ./Project_Settings/Startup_Code/system_S32K144.o
                              0x62506 (size before relaxing)
 .debug_str     0x00062586      0x120 ./Project_Settings/Startup_Code/startup.o
                              0x6243d (size before relaxing)

.comment        0x00000000       0x70
 .comment       0x00000000       0x70 ./src/main.o
                                 0x71 (size before relaxing)
 .comment       0x00000000       0x71 ./src/Layers/Mcal/Lpit/Lpit.o
 .comment       0x00000000       0x71 ./Project_Settings/Startup_Code/system_S32K144.o
 .comment       0x00000000       0x71 ./Project_Settings/Startup_Code/startup.o

.debug_frame    0x00000000      0x17c
 .debug_frame   0x00000000       0x30 ./src/main.o
 .debug_frame   0x00000030       0x94 ./src/Layers/Mcal/Lpit/Lpit.o
 .debug_frame   0x000000c4       0x80 ./Project_Settings/Startup_Code/system_S32K144.o
 .debug_frame   0x00000144       0x38 ./Project_Settings/Startup_Code/startup.o
